Archive member included to satisfy reference by file (symbol)

c:/st/stm32cubeide_1.9.0/stm32cubeide/plugins/com.st.stm32cube.ide.mcu.externaltools.gnu-tools-for-stm32.10.3-2021.10.win32_1.0.0.202111181127/tools/bin/../lib/gcc/arm-none-eabi/10.3.1/../../../../arm-none-eabi/lib/thumb/v7e-m+fp/hard\libc_nano.a(lib_a-exit.o)
                              c:/st/stm32cubeide_1.9.0/stm32cubeide/plugins/com.st.stm32cube.ide.mcu.externaltools.gnu-tools-for-stm32.10.3-2021.10.win32_1.0.0.202111181127/tools/bin/../lib/gcc/arm-none-eabi/10.3.1/../../../../arm-none-eabi/lib/thumb/v7e-m+fp/hard/crt0.o (exit)
c:/st/stm32cubeide_1.9.0/stm32cubeide/plugins/com.st.stm32cube.ide.mcu.externaltools.gnu-tools-for-stm32.10.3-2021.10.win32_1.0.0.202111181127/tools/bin/../lib/gcc/arm-none-eabi/10.3.1/../../../../arm-none-eabi/lib/thumb/v7e-m+fp/hard\libc_nano.a(lib_a-impure.o)
                              c:/st/stm32cubeide_1.9.0/stm32cubeide/plugins/com.st.stm32cube.ide.mcu.externaltools.gnu-tools-for-stm32.10.3-2021.10.win32_1.0.0.202111181127/tools/bin/../lib/gcc/arm-none-eabi/10.3.1/../../../../arm-none-eabi/lib/thumb/v7e-m+fp/hard\libc_nano.a(lib_a-exit.o) (_global_impure_ptr)
c:/st/stm32cubeide_1.9.0/stm32cubeide/plugins/com.st.stm32cube.ide.mcu.externaltools.gnu-tools-for-stm32.10.3-2021.10.win32_1.0.0.202111181127/tools/bin/../lib/gcc/arm-none-eabi/10.3.1/../../../../arm-none-eabi/lib/thumb/v7e-m+fp/hard\libc_nano.a(lib_a-init.o)
                              c:/st/stm32cubeide_1.9.0/stm32cubeide/plugins/com.st.stm32cube.ide.mcu.externaltools.gnu-tools-for-stm32.10.3-2021.10.win32_1.0.0.202111181127/tools/bin/../lib/gcc/arm-none-eabi/10.3.1/../../../../arm-none-eabi/lib/thumb/v7e-m+fp/hard/crt0.o (__libc_init_array)
c:/st/stm32cubeide_1.9.0/stm32cubeide/plugins/com.st.stm32cube.ide.mcu.externaltools.gnu-tools-for-stm32.10.3-2021.10.win32_1.0.0.202111181127/tools/bin/../lib/gcc/arm-none-eabi/10.3.1/../../../../arm-none-eabi/lib/thumb/v7e-m+fp/hard\libc_nano.a(lib_a-memset.o)
                              c:/st/stm32cubeide_1.9.0/stm32cubeide/plugins/com.st.stm32cube.ide.mcu.externaltools.gnu-tools-for-stm32.10.3-2021.10.win32_1.0.0.202111181127/tools/bin/../lib/gcc/arm-none-eabi/10.3.1/../../../../arm-none-eabi/lib/thumb/v7e-m+fp/hard/crt0.o (memset)
c:/st/stm32cubeide_1.9.0/stm32cubeide/plugins/com.st.stm32cube.ide.mcu.externaltools.gnu-tools-for-stm32.10.3-2021.10.win32_1.0.0.202111181127/tools/bin/../lib/gcc/arm-none-eabi/10.3.1/../../../../arm-none-eabi/lib/thumb/v7e-m+fp/hard\libc_nano.a(lib_a-qsort.o)
                              ./Src/dsp.o (qsort)
c:/st/stm32cubeide_1.9.0/stm32cubeide/plugins/com.st.stm32cube.ide.mcu.externaltools.gnu-tools-for-stm32.10.3-2021.10.win32_1.0.0.202111181127/tools/bin/../lib/gcc/arm-none-eabi/10.3.1/thumb/v7e-m+fp/hard\libgcc.a(_arm_muldf3.o)
                              ./Src/control.o (__aeabi_dmul)
c:/st/stm32cubeide_1.9.0/stm32cubeide/plugins/com.st.stm32cube.ide.mcu.externaltools.gnu-tools-for-stm32.10.3-2021.10.win32_1.0.0.202111181127/tools/bin/../lib/gcc/arm-none-eabi/10.3.1/thumb/v7e-m+fp/hard\libgcc.a(_arm_addsubdf3.o)
                              ./Src/control.o (__aeabi_dadd)
c:/st/stm32cubeide_1.9.0/stm32cubeide/plugins/com.st.stm32cube.ide.mcu.externaltools.gnu-tools-for-stm32.10.3-2021.10.win32_1.0.0.202111181127/tools/bin/../lib/gcc/arm-none-eabi/10.3.1/thumb/v7e-m+fp/hard\libgcc.a(_arm_truncdfsf2.o)
                              ./Src/control.o (__aeabi_d2f)
c:/st/stm32cubeide_1.9.0/stm32cubeide/plugins/com.st.stm32cube.ide.mcu.externaltools.gnu-tools-for-stm32.10.3-2021.10.win32_1.0.0.202111181127/tools/bin/../lib/gcc/arm-none-eabi/10.3.1/../../../../arm-none-eabi/lib/thumb/v7e-m+fp/hard\libnosys.a(_exit.o)
                              c:/st/stm32cubeide_1.9.0/stm32cubeide/plugins/com.st.stm32cube.ide.mcu.externaltools.gnu-tools-for-stm32.10.3-2021.10.win32_1.0.0.202111181127/tools/bin/../lib/gcc/arm-none-eabi/10.3.1/../../../../arm-none-eabi/lib/thumb/v7e-m+fp/hard\libc_nano.a(lib_a-exit.o) (_exit)

Discarded input sections

 .text          0x0000000000000000        0x0 c:/st/stm32cubeide_1.9.0/stm32cubeide/plugins/com.st.stm32cube.ide.mcu.externaltools.gnu-tools-for-stm32.10.3-2021.10.win32_1.0.0.202111181127/tools/bin/../lib/gcc/arm-none-eabi/10.3.1/thumb/v7e-m+fp/hard/crti.o
 .data          0x0000000000000000        0x0 c:/st/stm32cubeide_1.9.0/stm32cubeide/plugins/com.st.stm32cube.ide.mcu.externaltools.gnu-tools-for-stm32.10.3-2021.10.win32_1.0.0.202111181127/tools/bin/../lib/gcc/arm-none-eabi/10.3.1/thumb/v7e-m+fp/hard/crti.o
 .bss           0x0000000000000000        0x0 c:/st/stm32cubeide_1.9.0/stm32cubeide/plugins/com.st.stm32cube.ide.mcu.externaltools.gnu-tools-for-stm32.10.3-2021.10.win32_1.0.0.202111181127/tools/bin/../lib/gcc/arm-none-eabi/10.3.1/thumb/v7e-m+fp/hard/crti.o
[...]
Memory Configuration

Name             Origin             Length             Attributes
RAM              0x0000000020000000 0x0000000000050000 xrw
FLASH            0x0000000008000000 0x0000000000100000 xr
*default*        0x0000000000000000 0xffffffffffffffff

Linker script and memory map

LOAD c:/st/stm32cubeide_1.9.0/stm32cubeide/plugins/com.st.stm32cube.ide.mcu.externaltools.gnu-tools-for-stm32.10.3-2021.10.win32_1.0.0.202111181127/tools/bin/../lib/gcc/arm-none-eabi/10.3.1/thumb/v7e-m+fp/hard/crti.o
LOAD c:/st/stm32cubeide_1.9.0/stm32cubeide/plugins/com.st.stm32cube.ide.mcu.externaltools.gnu-tools-for-stm32.10.3-2021.10.win32_1.0.0.202111181127/tools/bin/../lib/gcc/arm-none-eabi/10.3.1/thumb/v7e-m+fp/hard/crtbegin.o
LOAD c:/st/stm32cubeide_1.9.0/stm32cubeide/plugins/com.st.stm32cube.ide.mcu.externaltools.gnu-tools-for-stm32.10.3-2021.10.win32_1.0.0.202111181127/tools/bin/../lib/gcc/arm-none-eabi/10.3.1/../../../../arm-none-eabi/lib/thumb/v7e-m+fp/hard/crt0.o
LOAD ./Drivers/CMSIS/DSP/Source/CommonTables/arm_common_tables.o
LOAD ./Drivers/CMSIS/DSP/Source/CommonTables/arm_const_structs.o
LOAD ./Drivers/CMSIS/DSP/Source/FastMathFunctions/arm_cos_f32.o
LOAD ./Drivers/CMSIS/DSP/Source/FastMathFunctions/arm_cos_q15.o
LOAD ./Drivers/CMSIS/DSP/Source/FastMathFunctions/arm_cos_q31.o
LOAD ./Drivers/CMSIS/DSP/Source/FastMathFunctions/arm_sin_f32.o
LOAD ./Drivers/CMSIS/DSP/Source/FastMathFunctions/arm_sin_q15.o
LOAD ./Drivers/CMSIS/DSP/Source/FastMathFunctions/arm_sin_q31.o
LOAD ./Drivers/CMSIS/DSP/Source/FastMathFunctions/arm_sqrt_q15.o
LOAD ./Drivers/CMSIS/DSP/Source/FastMathFunctions/arm_sqrt_q31.o
LOAD ./Src/c_math.o
LOAD ./Src/control.o
LOAD ./Src/dsp.o
LOAD ./Src/main.o
LOAD ./Src/periph/adc.o
LOAD ./Src/periph/crc.o
LOAD ./Src/periph/dac.o
LOAD ./Src/periph/dma.o
LOAD ./Src/periph/gpio.o
LOAD ./Src/periph/interrupt.o
LOAD ./Src/periph/rcc.o
LOAD ./Src/periph/system_stm32f7xx.o
LOAD ./Src/periph/timer.o
LOAD ./Src/periph/uart.o
LOAD ./Startup/startup_stm32f746zgtx.o
START GROUP
LOAD c:/st/stm32cubeide_1.9.0/stm32cubeide/plugins/com.st.stm32cube.ide.mcu.externaltools.gnu-tools-for-stm32.10.3-2021.10.win32_1.0.0.202111181127/tools/bin/../lib/gcc/arm-none-eabi/10.3.1/../../../../arm-none-eabi/lib/thumb/v7e-m+fp/hard\libc_nano.a
LOAD c:/st/stm32cubeide_1.9.0/stm32cubeide/plugins/com.st.stm32cube.ide.mcu.externaltools.gnu-tools-for-stm32.10.3-2021.10.win32_1.0.0.202111181127/tools/bin/../lib/gcc/arm-none-eabi/10.3.1/../../../../arm-none-eabi/lib/thumb/v7e-m+fp/hard\libm.a
END GROUP
START GROUP
LOAD c:/st/stm32cubeide_1.9.0/stm32cubeide/plugins/com.st.stm32cube.ide.mcu.externaltools.gnu-tools-for-stm32.10.3-2021.10.win32_1.0.0.202111181127/tools/bin/../lib/gcc/arm-none-eabi/10.3.1/thumb/v7e-m+fp/hard\libgcc.a
LOAD c:/st/stm32cubeide_1.9.0/stm32cubeide/plugins/com.st.stm32cube.ide.mcu.externaltools.gnu-tools-for-stm32.10.3-2021.10.win32_1.0.0.202111181127/tools/bin/../lib/gcc/arm-none-eabi/10.3.1/../../../../arm-none-eabi/lib/thumb/v7e-m+fp/hard\libc_nano.a
END GROUP
START GROUP
LOAD c:/st/stm32cubeide_1.9.0/stm32cubeide/plugins/com.st.stm32cube.ide.mcu.externaltools.gnu-tools-for-stm32.10.3-2021.10.win32_1.0.0.202111181127/tools/bin/../lib/gcc/arm-none-eabi/10.3.1/thumb/v7e-m+fp/hard\libgcc.a
LOAD c:/st/stm32cubeide_1.9.0/stm32cubeide/plugins/com.st.stm32cube.ide.mcu.externaltools.gnu-tools-for-stm32.10.3-2021.10.win32_1.0.0.202111181127/tools/bin/../lib/gcc/arm-none-eabi/10.3.1/../../../../arm-none-eabi/lib/thumb/v7e-m+fp/hard\libc_nano.a
LOAD c:/st/stm32cubeide_1.9.0/stm32cubeide/plugins/com.st.stm32cube.ide.mcu.externaltools.gnu-tools-for-stm32.10.3-2021.10.win32_1.0.0.202111181127/tools/bin/../lib/gcc/arm-none-eabi/10.3.1/../../../../arm-none-eabi/lib/thumb/v7e-m+fp/hard\libnosys.a
END GROUP
START GROUP
LOAD c:/st/stm32cubeide_1.9.0/stm32cubeide/plugins/com.st.stm32cube.ide.mcu.externaltools.gnu-tools-for-stm32.10.3-2021.10.win32_1.0.0.202111181127/tools/bin/../lib/gcc/arm-none-eabi/10.3.1/thumb/v7e-m+fp/hard\libgcc.a
LOAD c:/st/stm32cubeide_1.9.0/stm32cubeide/plugins/com.st.stm32cube.ide.mcu.externaltools.gnu-tools-for-stm32.10.3-2021.10.win32_1.0.0.202111181127/tools/bin/../lib/gcc/arm-none-eabi/10.3.1/../../../../arm-none-eabi/lib/thumb/v7e-m+fp/hard\libc_nano.a
LOAD c:/st/stm32cubeide_1.9.0/stm32cubeide/plugins/com.st.stm32cube.ide.mcu.externaltools.gnu-tools-for-stm32.10.3-2021.10.win32_1.0.0.202111181127/tools/bin/../lib/gcc/arm-none-eabi/10.3.1/../../../../arm-none-eabi/lib/thumb/v7e-m+fp/hard\libnosys.a
END GROUP
LOAD c:/st/stm32cubeide_1.9.0/stm32cubeide/plugins/com.st.stm32cube.ide.mcu.externaltools.gnu-tools-for-stm32.10.3-2021.10.win32_1.0.0.202111181127/tools/bin/../lib/gcc/arm-none-eabi/10.3.1/thumb/v7e-m+fp/hard/crtend.o
LOAD c:/st/stm32cubeide_1.9.0/stm32cubeide/plugins/com.st.stm32cube.ide.mcu.externaltools.gnu-tools-for-stm32.10.3-2021.10.win32_1.0.0.202111181127/tools/bin/../lib/gcc/arm-none-eabi/10.3.1/thumb/v7e-m+fp/hard/crtn.o
                0x0000000020050000                _estack = (ORIGIN (RAM) + LENGTH (RAM))
                0x0000000000000200                _Min_Heap_Size = 0x200
                0x0000000000000400                _Min_Stack_Size = 0x400

.isr_vector     0x0000000008000000      0x1c8
                0x0000000008000000                . = ALIGN (0x4)
 *(.isr_vector)
 .isr_vector    0x0000000008000000      0x1c8 ./Startup/startup_stm32f746zgtx.o
                0x0000000008000000                g_pfnVectors
                0x00000000080001c8                . = ALIGN (0x4)

.text           0x00000000080001c8     0x1d10
                0x00000000080001c8                . = ALIGN (0x4)
 *(.text)
 .text          0x00000000080001c8       0x40 c:/st/stm32cubeide_1.9.0/stm32cubeide/plugins/com.st.stm32cube.ide.mcu.externaltools.gnu-tools-for-stm32.10.3-2021.10.win32_1.0.0.202111181127/tools/bin/../lib/gcc/arm-none-eabi/10.3.1/thumb/v7e-m+fp/hard/crtbegin.o
 .text          0x0000000008000208      0x254 c:/st/stm32cubeide_1.9.0/stm32cubeide/plugins/com.st.stm32cube.ide.mcu.externaltools.gnu-tools-for-stm32.10.3-2021.10.win32_1.0.0.202111181127/tools/bin/../lib/gcc/arm-none-eabi/10.3.1/thumb/v7e-m+fp/hard\libgcc.a(_arm_muldf3.o)
                0x0000000008000208                __muldf3
                0x0000000008000208                __aeabi_dmul
 .text          0x000000000800045c      0x378 c:/st/stm32cubeide_1.9.0/stm32cubeide/plugins/com.st.stm32cube.ide.mcu.externaltools.gnu-tools-for-stm32.10.3-2021.10.win32_1.0.0.202111181127/tools/bin/../lib/gcc/arm-none-eabi/10.3.1/thumb/v7e-m+fp/hard\libgcc.a(_arm_addsubdf3.o)
                0x000000000800045c                __aeabi_drsub
                0x0000000008000464                __aeabi_dsub
                0x0000000008000464                __subdf3
                0x0000000008000468                __aeabi_dadd
                0x0000000008000468                __adddf3
                0x00000000080006e0                __floatunsidf
                0x00000000080006e0                __aeabi_ui2d
                0x0000000008000700                __floatsidf
                0x0000000008000700                __aeabi_i2d
                0x0000000008000724                __aeabi_f2d
                0x0000000008000724                __extendsfdf2
                0x0000000008000768                __floatundidf
                0x0000000008000768                __aeabi_ul2d
                0x0000000008000778                __floatdidf
                0x0000000008000778                __aeabi_l2d
 .text          0x00000000080007d4       0xa0 c:/st/stm32cubeide_1.9.0/stm32cubeide/plugins/com.st.stm32cube.ide.mcu.externaltools.gnu-tools-for-stm32.10.3-2021.10.win32_1.0.0.202111181127/tools/bin/../lib/gcc/arm-none-eabi/10.3.1/thumb/v7e-m+fp/hard\libgcc.a(_arm_truncdfsf2.o)
                0x00000000080007d4                __truncdfsf2
                0x00000000080007d4                __aeabi_d2f
 *(.text*)
 .text.DMA2_Stream0_IRQHandler
                0x0000000008000874      0x1fc ./Src/control.o
                0x0000000008000874                DMA2_Stream0_IRQHandler
 .text.shift_and_scale
                0x0000000008000a70       0xfc ./Src/control.o
                0x0000000008000a70                shift_and_scale
 .text.set_shifts
                0x0000000008000b6c       0x7c ./Src/control.o
                0x0000000008000b6c                set_shifts
 .text.protect_software
                0x0000000008000be8       0xb0 ./Src/control.o
                0x0000000008000be8                protect_software
 .text.integral_protect
                0x0000000008000c98       0xbc ./Src/control.o
                0x0000000008000c98                integral_protect
 .text.master_receive
                0x0000000008000d54       0x34 ./Src/control.o
                0x0000000008000d54                master_receive
 .text.master_transmit
                0x0000000008000d88       0x64 ./Src/control.o
                0x0000000008000d88                master_transmit
 .text.EXTI1_IRQHandler
                0x0000000008000dec       0x24 ./Src/control.o
                0x0000000008000dec                EXTI1_IRQHandler
 .text.MovingFloatFilter
                0x0000000008000e10       0xbc ./Src/dsp.o
                0x0000000008000e10                MovingFloatFilter
 .text.Trapezoidal_Integrator
                0x0000000008000ecc       0xb8 ./Src/dsp.o
                0x0000000008000ecc                Trapezoidal_Integrator
 .text.BackwardEuler_Diff
                0x0000000008000f84       0x42 ./Src/dsp.o
                0x0000000008000f84                BackwardEuler_Diff
 .text.PID_Controller
                0x0000000008000fc6       0xb8 ./Src/dsp.o
                0x0000000008000fc6                PID_Controller
 *fill*         0x000000000800107e        0x2 
 .text.main     0x0000000008001080       0x88 ./Src/main.o
                0x0000000008001080                main
 .text.init_adc
                0x0000000008001108      0x188 ./Src/periph/adc.o
                0x0000000008001108                init_adc
 .text.init_CRC
                0x0000000008001290       0x58 ./Src/periph/crc.o
                0x0000000008001290                init_CRC
 .text.calc_CRC16
                0x00000000080012e8       0x4c ./Src/periph/crc.o
                0x00000000080012e8                calc_CRC16
 .text.init_dac
                0x0000000008001334       0x30 ./Src/periph/dac.o
                0x0000000008001334                init_dac
 .text.init_dma
                0x0000000008001364       0x98 ./Src/periph/dma.o
                0x0000000008001364                init_dma
 .text.init_GPIO
                0x00000000080013fc      0x15c ./Src/periph/gpio.o
                0x00000000080013fc                init_GPIO
 .text.init_GPIO_Output
                0x0000000008001558       0x2a ./Src/periph/gpio.o
                0x0000000008001558                init_GPIO_Output
 .text.init_GPIO_AFunction
                0x0000000008001582       0x5e ./Src/periph/gpio.o
                0x0000000008001582                init_GPIO_AFunction
 .text.init_GPIO_Analog
                0x00000000080015e0       0x2a ./Src/periph/gpio.o
                0x00000000080015e0                init_GPIO_Analog
 *fill*         0x000000000800160a        0x2 
 .text.__NVIC_SetPriorityGrouping
                0x000000000800160c       0x48 ./Src/periph/interrupt.o
 .text.__NVIC_GetPriorityGrouping
                0x0000000008001654       0x1c ./Src/periph/interrupt.o
 .text.__NVIC_EnableIRQ
                0x0000000008001670       0x3c ./Src/periph/interrupt.o
 .text.__NVIC_SetPriority
                0x00000000080016ac       0x54 ./Src/periph/interrupt.o
 .text.NVIC_EncodePriority
                0x0000000008001700       0x66 ./Src/periph/interrupt.o
 .text.init_interrupt
                0x0000000008001766       0x8e ./Src/periph/interrupt.o
                0x0000000008001766                init_interrupt
 .text.TIM1_UP_TIM10_IRQHandler
                0x00000000080017f4       0x24 ./Src/periph/interrupt.o
                0x00000000080017f4                TIM1_UP_TIM10_IRQHandler
 .text.USART1_IRQHandler
                0x0000000008001818      0x150 ./Src/periph/interrupt.o
                0x0000000008001818                USART1_IRQHandler
 .text.SCB_EnableICache
                0x0000000008001968       0x4c ./Src/periph/rcc.o
 .text.SCB_InvalidateICache
                0x00000000080019b4       0x34 ./Src/periph/rcc.o
 .text.init_RCC
                0x00000000080019e8      0x128 ./Src/periph/rcc.o
                0x00000000080019e8                init_RCC
 .text.SystemInit
                0x0000000008001b10       0x24 ./Src/periph/system_stm32f7xx.o
                0x0000000008001b10                SystemInit
 .text.SystemCoreClockUpdate
                0x0000000008001b34      0x100 ./Src/periph/system_stm32f7xx.o
                0x0000000008001b34                SystemCoreClockUpdate
 .text.init_timer8
                0x0000000008001c34       0x84 ./Src/periph/timer.o
                0x0000000008001c34                init_timer8
 .text.init_TIMER1
                0x0000000008001cb8       0x4c ./Src/periph/timer.o
                0x0000000008001cb8                init_TIMER1
 .text.timer_PWM_On
                0x0000000008001d04       0x20 ./Src/periph/timer.o
                0x0000000008001d04                timer_PWM_On
 .text.timer_PWM_Off
                0x0000000008001d24       0x20 ./Src/periph/timer.o
                0x0000000008001d24                timer_PWM_Off
 .text.init_uart
                0x0000000008001d44       0xa8 ./Src/periph/uart.o
                0x0000000008001d44                init_uart
 .text.transmit_USART1
                0x0000000008001dec       0x38 ./Src/periph/uart.o
                0x0000000008001dec                transmit_USART1
 .text.Reset_Handler
                0x0000000008001e24       0x50 ./Startup/startup_stm32f746zgtx.o
                0x0000000008001e24                Reset_Handler
 .text.Default_Handler
                0x0000000008001e74        0x2 ./Startup/startup_stm32f746zgtx.o
                0x0000000008001e74                HASH_RNG_IRQHandler
                0x0000000008001e74                EXTI2_IRQHandler
                0x0000000008001e74                TIM8_CC_IRQHandler
                0x0000000008001e74                DebugMon_Handler
                0x0000000008001e74                UART8_IRQHandler
                0x0000000008001e74                SPI4_IRQHandler
                0x0000000008001e74                TIM1_CC_IRQHandler
                0x0000000008001e74                QuadSPI_IRQHandler
                0x0000000008001e74                DMA2_Stream5_IRQHandler
                0x0000000008001e74                HardFault_Handler
                0x0000000008001e74                DMA1_Stream5_IRQHandler
                0x0000000008001e74                SysTick_Handler
                0x0000000008001e74                PVD_IRQHandler
                0x0000000008001e74                TAMP_STAMP_IRQHandler
                0x0000000008001e74                PendSV_Handler
                0x0000000008001e74                NMI_Handler
                0x0000000008001e74                CAN2_RX1_IRQHandler
                0x0000000008001e74                EXTI3_IRQHandler
                0x0000000008001e74                TIM8_TRG_COM_TIM14_IRQHandler
                0x0000000008001e74                TIM8_UP_TIM13_IRQHandler
                0x0000000008001e74                I2C3_ER_IRQHandler
                0x0000000008001e74                LCD_TFT_IRQHandler
                0x0000000008001e74                EXTI0_IRQHandler
                0x0000000008001e74                I2C2_EV_IRQHandler
                0x0000000008001e74                DMA1_Stream2_IRQHandler
                0x0000000008001e74                CAN1_RX0_IRQHandler
                0x0000000008001e74                FPU_IRQHandler
                0x0000000008001e74                OTG_HS_WKUP_IRQHandler
                0x0000000008001e74                UsageFault_Handler
                0x0000000008001e74                LTDC_ER_IRQHandler
                0x0000000008001e74                CAN2_SCE_IRQHandler
                0x0000000008001e74                DMA2_Stream2_IRQHandler
                0x0000000008001e74                SPI1_IRQHandler
                0x0000000008001e74                TIM6_DAC_IRQHandler
                0x0000000008001e74                TIM1_BRK_TIM9_IRQHandler
                0x0000000008001e74                DCMI_IRQHandler
                0x0000000008001e74                CAN2_RX0_IRQHandler
                0x0000000008001e74                DMA2_Stream3_IRQHandler
                0x0000000008001e74                RTC_ALARM_IRQHandler
                0x0000000008001e74                SAI2_IRQHandler
                0x0000000008001e74                USART6_IRQHandler
                0x0000000008001e74                USART3_IRQHandler
                0x0000000008001e74                CRYP_IRQHandler
                0x0000000008001e74                CAN1_RX1_IRQHandler
                0x0000000008001e74                UART5_IRQHandler
                0x0000000008001e74                TIM4_IRQHandler
                0x0000000008001e74                I2C1_EV_IRQHandler
                0x0000000008001e74                HDMI_CEC_IRQHandler
                0x0000000008001e74                DMA1_Stream6_IRQHandler
                0x0000000008001e74                DMA1_Stream1_IRQHandler
                0x0000000008001e74                UART4_IRQHandler
                0x0000000008001e74                TIM3_IRQHandler
                0x0000000008001e74                RCC_IRQHandler
                0x0000000008001e74                TIM8_BRK_TIM12_IRQHandler
                0x0000000008001e74                Default_Handler
                0x0000000008001e74                EXTI15_10_IRQHandler
                0x0000000008001e74                ADC_IRQHandler
                0x0000000008001e74                DMA1_Stream7_IRQHandler
                0x0000000008001e74                SPI5_IRQHandler
                0x0000000008001e74                LPTimer1_IRQHandler
                0x0000000008001e74                TIM7_IRQHandler
                0x0000000008001e74                SDMMC1_IRQHandler
                0x0000000008001e74                CAN2_TX_IRQHandler
                0x0000000008001e74                TIM5_IRQHandler
                0x0000000008001e74                DMA2_Stream7_IRQHandler
                0x0000000008001e74                I2C3_EV_IRQHandler
                0x0000000008001e74                EXTI9_5_IRQHandler
                0x0000000008001e74                RTC_WKUP_IRQHandler
                0x0000000008001e74                ETH_WKUP_IRQHandler
                0x0000000008001e74                SPI2_IRQHandler
                0x0000000008001e74                OTG_HS_EP1_IN_IRQHandler
                0x0000000008001e74                MemManage_Handler
                0x0000000008001e74                DMA1_Stream0_IRQHandler
                0x0000000008001e74                CAN1_TX_IRQHandler
                0x0000000008001e74                SVC_Handler
                0x0000000008001e74                EXTI4_IRQHandler
                0x0000000008001e74                ETH_IRQHandler
                0x0000000008001e74                OTG_HS_EP1_OUT_IRQHandler
                0x0000000008001e74                WWDG_IRQHandler
                0x0000000008001e74                SPI6_IRQHandler
                0x0000000008001e74                I2C4_EV_IRQHandler
                0x0000000008001e74                TIM2_IRQHandler
                0x0000000008001e74                OTG_FS_WKUP_IRQHandler
                0x0000000008001e74                TIM1_TRG_COM_TIM11_IRQHandler
                0x0000000008001e74                OTG_HS_IRQHandler
                0x0000000008001e74                DMA2D_IRQHandler
                0x0000000008001e74                UART7_IRQHandler
                0x0000000008001e74                USART2_IRQHandler
                0x0000000008001e74                I2C2_ER_IRQHandler
                0x0000000008001e74                SPDIFRX_IRQHandler
                0x0000000008001e74                DMA2_Stream1_IRQHandler
                0x0000000008001e74                CAN1_SCE_IRQHandler
                0x0000000008001e74                FLASH_IRQHandler
                0x0000000008001e74                DMA2_Stream4_IRQHandler
                0x0000000008001e74                BusFault_Handler
                0x0000000008001e74                OTG_FS_IRQHandler
                0x0000000008001e74                SPI3_IRQHandler
                0x0000000008001e74                DMA1_Stream4_IRQHandler
                0x0000000008001e74                I2C1_ER_IRQHandler
                0x0000000008001e74                FMC_IRQHandler
                0x0000000008001e74                I2C4_ER_IRQHandler
                0x0000000008001e74                DMA2_Stream6_IRQHandler
                0x0000000008001e74                SAI1_IRQHandler
                0x0000000008001e74                DMA1_Stream3_IRQHandler
 *fill*         0x0000000008001e76        0x2 
 .text.__libc_init_array
                0x0000000008001e78       0x48 c:/st/stm32cubeide_1.9.0/stm32cubeide/plugins/com.st.stm32cube.ide.mcu.externaltools.gnu-tools-for-stm32.10.3-2021.10.win32_1.0.0.202111181127/tools/bin/../lib/gcc/arm-none-eabi/10.3.1/../../../../arm-none-eabi/lib/thumb/v7e-m+fp/hard\libc_nano.a(lib_a-init.o)
                0x0000000008001e78                __libc_init_array
 *(.glue_7)
 .glue_7        0x0000000008001ec0        0x0 linker stubs
 *(.glue_7t)
 .glue_7t       0x0000000008001ec0        0x0 linker stubs
 *(.eh_frame)
 .eh_frame      0x0000000008001ec0        0x0 c:/st/stm32cubeide_1.9.0/stm32cubeide/plugins/com.st.stm32cube.ide.mcu.externaltools.gnu-tools-for-stm32.10.3-2021.10.win32_1.0.0.202111181127/tools/bin/../lib/gcc/arm-none-eabi/10.3.1/thumb/v7e-m+fp/hard/crtbegin.o
 *(.init)
 .init          0x0000000008001ec0        0x4 c:/st/stm32cubeide_1.9.0/stm32cubeide/plugins/com.st.stm32cube.ide.mcu.externaltools.gnu-tools-for-stm32.10.3-2021.10.win32_1.0.0.202111181127/tools/bin/../lib/gcc/arm-none-eabi/10.3.1/thumb/v7e-m+fp/hard/crti.o
                0x0000000008001ec0                _init
 .init          0x0000000008001ec4        0x8 c:/st/stm32cubeide_1.9.0/stm32cubeide/plugins/com.st.stm32cube.ide.mcu.externaltools.gnu-tools-for-stm32.10.3-2021.10.win32_1.0.0.202111181127/tools/bin/../lib/gcc/arm-none-eabi/10.3.1/thumb/v7e-m+fp/hard/crtn.o
 *(.fini)
 .fini          0x0000000008001ecc        0x4 c:/st/stm32cubeide_1.9.0/stm32cubeide/plugins/com.st.stm32cube.ide.mcu.externaltools.gnu-tools-for-stm32.10.3-2021.10.win32_1.0.0.202111181127/tools/bin/../lib/gcc/arm-none-eabi/10.3.1/thumb/v7e-m+fp/hard/crti.o
                0x0000000008001ecc                _fini
 .fini          0x0000000008001ed0        0x8 c:/st/stm32cubeide_1.9.0/stm32cubeide/plugins/com.st.stm32cube.ide.mcu.externaltools.gnu-tools-for-stm32.10.3-2021.10.win32_1.0.0.202111181127/tools/bin/../lib/gcc/arm-none-eabi/10.3.1/thumb/v7e-m+fp/hard/crtn.o
                0x0000000008001ed8                . = ALIGN (0x4)
                0x0000000008001ed8                _etext = .

.vfp11_veneer   0x0000000008001ed8        0x0
 .vfp11_veneer  0x0000000008001ed8        0x0 linker stubs

.v4_bx          0x0000000008001ed8        0x0
 .v4_bx         0x0000000008001ed8        0x0 linker stubs

.iplt           0x0000000008001ed8        0x0
 .iplt          0x0000000008001ed8        0x0 c:/st/stm32cubeide_1.9.0/stm32cubeide/plugins/com.st.stm32cube.ide.mcu.externaltools.gnu-tools-for-stm32.10.3-2021.10.win32_1.0.0.202111181127/tools/bin/../lib/gcc/arm-none-eabi/10.3.1/thumb/v7e-m+fp/hard/crtbegin.o

.rodata         0x0000000008001ed8       0x10
                0x0000000008001ed8                . = ALIGN (0x4)
 *(.rodata)
 *(.rodata*)
 .rodata.AHBPrescTable
                0x0000000008001ed8       0x10 ./Src/periph/system_stm32f7xx.o
                0x0000000008001ed8                AHBPrescTable
                0x0000000008001ee8                . = ALIGN (0x4)

.rel.dyn        0x0000000008001ee8        0x0
 .rel.iplt      0x0000000008001ee8        0x0 c:/st/stm32cubeide_1.9.0/stm32cubeide/plugins/com.st.stm32cube.ide.mcu.externaltools.gnu-tools-for-stm32.10.3-2021.10.win32_1.0.0.202111181127/tools/bin/../lib/gcc/arm-none-eabi/10.3.1/thumb/v7e-m+fp/hard/crtbegin.o

.ARM.extab      0x0000000008001ee8        0x0
                0x0000000008001ee8                . = ALIGN (0x4)
 *(.ARM.extab* .gnu.linkonce.armextab.*)
                0x0000000008001ee8                . = ALIGN (0x4)

.ARM            0x0000000008001ee8        0x0
                0x0000000008001ee8                . = ALIGN (0x4)
                0x0000000008001ee8                __exidx_start = .
 *(.ARM.exidx*)
                0x0000000008001ee8                __exidx_end = .
                0x0000000008001ee8                . = ALIGN (0x4)

.preinit_array  0x0000000008001ee8        0x0
                0x0000000008001ee8                . = ALIGN (0x4)
                0x0000000008001ee8                PROVIDE (__preinit_array_start = .)
 *(.preinit_array*)
                0x0000000008001ee8                PROVIDE (__preinit_array_end = .)
                0x0000000008001ee8                . = ALIGN (0x4)

.init_array     0x0000000008001ee8        0x4
                0x0000000008001ee8                . = ALIGN (0x4)
                0x0000000008001ee8                PROVIDE (__init_array_start = .)
 *(SORT_BY_NAME(.init_array.*))
 *(.init_array*)
 .init_array    0x0000000008001ee8        0x4 c:/st/stm32cubeide_1.9.0/stm32cubeide/plugins/com.st.stm32cube.ide.mcu.externaltools.gnu-tools-for-stm32.10.3-2021.10.win32_1.0.0.202111181127/tools/bin/../lib/gcc/arm-none-eabi/10.3.1/thumb/v7e-m+fp/hard/crtbegin.o
                0x0000000008001eec                PROVIDE (__init_array_end = .)
                0x0000000008001eec                . = ALIGN (0x4)

.fini_array     0x0000000008001eec        0x4
                0x0000000008001eec                . = ALIGN (0x4)
                [!provide]                        PROVIDE (__fini_array_start = .)
 *(SORT_BY_NAME(.fini_array.*))
 *(.fini_array*)
 .fini_array    0x0000000008001eec        0x4 c:/st/stm32cubeide_1.9.0/stm32cubeide/plugins/com.st.stm32cube.ide.mcu.externaltools.gnu-tools-for-stm32.10.3-2021.10.win32_1.0.0.202111181127/tools/bin/../lib/gcc/arm-none-eabi/10.3.1/thumb/v7e-m+fp/hard/crtbegin.o
                [!provide]                        PROVIDE (__fini_array_end = .)
                0x0000000008001ef0                . = ALIGN (0x4)
                0x0000000008001ef0                _sidata = LOADADDR (.data)

.data           0x0000000020000000      0x11c load address 0x0000000008001ef0
                0x0000000020000000                . = ALIGN (0x4)
                0x0000000020000000                _sdata = .
 *(.data)
 *(.data*)
 .data.Boost_Control
                0x0000000020000000       0x68 ./Src/control.o
                0x0000000020000000                Boost_Control
 .data.Boost_Measure
                0x0000000020000068       0x8c ./Src/control.o
                0x0000000020000068                Boost_Measure
 .data.Boost_Protect
                0x00000000200000f4       0x24 ./Src/control.o
                0x00000000200000f4                Boost_Protect
 .data.SystemCoreClock
                0x0000000020000118        0x4 ./Src/periph/system_stm32f7xx.o
                0x0000000020000118                SystemCoreClock
 *(.RamFunc)
 *(.RamFunc*)
                0x000000002000011c                . = ALIGN (0x4)
                0x000000002000011c                _edata = .

.igot.plt       0x000000002000011c        0x0 load address 0x000000000800200c
 .igot.plt      0x000000002000011c        0x0 c:/st/stm32cubeide_1.9.0/stm32cubeide/plugins/com.st.stm32cube.ide.mcu.externaltools.gnu-tools-for-stm32.10.3-2021.10.win32_1.0.0.202111181127/tools/bin/../lib/gcc/arm-none-eabi/10.3.1/thumb/v7e-m+fp/hard/crtbegin.o

.adc_buf        0x000000002000011c       0x18 load address 0x000000000800200c
 .adc_buf       0x000000002000011c       0x18 ./Src/periph/dma.o
                0x000000002000011c                ADC_Buffer
                0x0000000020000134                . = ALIGN (0x4)

.bss            0x0000000020000134     0x9d3c load address 0x0000000008002024
                0x0000000020000134                _sbss = .
                0x0000000020000134                __bss_start__ = _sbss
 *(.bss)
 .bss           0x0000000020000134       0x1c c:/st/stm32cubeide_1.9.0/stm32cubeide/plugins/com.st.stm32cube.ide.mcu.externaltools.gnu-tools-for-stm32.10.3-2021.10.win32_1.0.0.202111181127/tools/bin/../lib/gcc/arm-none-eabi/10.3.1/thumb/v7e-m+fp/hard/crtbegin.o
 *(.bss*)
 .bss.IN_FILTER
                0x0000000020000150     0x9c48 ./Src/control.o
                0x0000000020000150                IN_FILTER
 .bss.REF_CURRENT
                0x0000000020009d98        0x4 ./Src/control.o
                0x0000000020009d98                REF_CURRENT
 .bss.USART1_DATA
                0x0000000020009d9c       0xd4 ./Src/periph/uart.o
                0x0000000020009d9c                USART1_DATA
 *(COMMON)
                0x0000000020009e70                . = ALIGN (0x4)
                0x0000000020009e70                _ebss = .
                0x0000000020009e70                __bss_end__ = _ebss

._user_heap_stack
                0x0000000020009e70      0x600 load address 0x0000000008002024
                0x0000000020009e70                . = ALIGN (0x8)
                [!provide]                        PROVIDE (end = .)
                [!provide]                        PROVIDE (_end = .)
                0x000000002000a070                . = (. + _Min_Heap_Size)
 *fill*         0x0000000020009e70      0x200 
                0x000000002000a470                . = (. + _Min_Stack_Size)
 *fill*         0x000000002000a070      0x400 
                0x000000002000a470                . = ALIGN (0x8)

/DISCARD/
 libc.a(*)
 libm.a(*)
 libgcc.a(*)

.ARM.attributes
                0x0000000000000000       0x30
 *(.ARM.attributes)
 .ARM.attributes
                0x0000000000000000       0x1e c:/st/stm32cubeide_1.9.0/stm32cubeide/plugins/com.st.stm32cube.ide.mcu.externaltools.gnu-tools-for-stm32.10.3-2021.10.win32_1.0.0.202111181127/tools/bin/../lib/gcc/arm-none-eabi/10.3.1/thumb/v7e-m+fp/hard/crti.o
 .ARM.attributes
                0x000000000000001e       0x34 c:/st/stm32cubeide_1.9.0/stm32cubeide/plugins/com.st.stm32cube.ide.mcu.externaltools.gnu-tools-for-stm32.10.3-2021.10.win32_1.0.0.202111181127/tools/bin/../lib/gcc/arm-none-eabi/10.3.1/thumb/v7e-m+fp/hard/crtbegin.o
 .ARM.attributes
                0x0000000000000052       0x34 ./Src/control.o
 .ARM.attributes
                0x0000000000000086       0x34 ./Src/dsp.o
 .ARM.attributes
                0x00000000000000ba       0x34 ./Src/main.o
 .ARM.attributes
                0x00000000000000ee       0x34 ./Src/periph/adc.o
 .ARM.attributes
                0x0000000000000122       0x34 ./Src/periph/crc.o
 .ARM.attributes
                0x0000000000000156       0x34 ./Src/periph/dac.o
 .ARM.attributes
                0x000000000000018a       0x34 ./Src/periph/dma.o
 .ARM.attributes
                0x00000000000001be       0x34 ./Src/periph/gpio.o
 .ARM.attributes
                0x00000000000001f2       0x34 ./Src/periph/interrupt.o
 .ARM.attributes
                0x0000000000000226       0x34 ./Src/periph/rcc.o
 .ARM.attributes
                0x000000000000025a       0x34 ./Src/periph/system_stm32f7xx.o
 .ARM.attributes
                0x000000000000028e       0x34 ./Src/periph/timer.o
 .ARM.attributes
                0x00000000000002c2       0x34 ./Src/periph/uart.o
 .ARM.attributes
                0x00000000000002f6       0x21 ./Startup/startup_stm32f746zgtx.o
 .ARM.attributes
                0x0000000000000317       0x34 c:/st/stm32cubeide_1.9.0/stm32cubeide/plugins/com.st.stm32cube.ide.mcu.externaltools.gnu-tools-for-stm32.10.3-2021.10.win32_1.0.0.202111181127/tools/bin/../lib/gcc/arm-none-eabi/10.3.1/../../../../arm-none-eabi/lib/thumb/v7e-m+fp/hard\libc_nano.a(lib_a-init.o)
 .ARM.attributes
                0x000000000000034b       0x1e c:/st/stm32cubeide_1.9.0/stm32cubeide/plugins/com.st.stm32cube.ide.mcu.externaltools.gnu-tools-for-stm32.10.3-2021.10.win32_1.0.0.202111181127/tools/bin/../lib/gcc/arm-none-eabi/10.3.1/thumb/v7e-m+fp/hard\libgcc.a(_arm_muldf3.o)
 .ARM.attributes
                0x0000000000000369       0x1e c:/st/stm32cubeide_1.9.0/stm32cubeide/plugins/com.st.stm32cube.ide.mcu.externaltools.gnu-tools-for-stm32.10.3-2021.10.win32_1.0.0.202111181127/tools/bin/../lib/gcc/arm-none-eabi/10.3.1/thumb/v7e-m+fp/hard\libgcc.a(_arm_addsubdf3.o)
 .ARM.attributes
                0x0000000000000387       0x1e c:/st/stm32cubeide_1.9.0/stm32cubeide/plugins/com.st.stm32cube.ide.mcu.externaltools.gnu-tools-for-stm32.10.3-2021.10.win32_1.0.0.202111181127/tools/bin/../lib/gcc/arm-none-eabi/10.3.1/thumb/v7e-m+fp/hard\libgcc.a(_arm_truncdfsf2.o)
 .ARM.attributes
                0x00000000000003a5       0x1e c:/st/stm32cubeide_1.9.0/stm32cubeide/plugins/com.st.stm32cube.ide.mcu.externaltools.gnu-tools-for-stm32.10.3-2021.10.win32_1.0.0.202111181127/tools/bin/../lib/gcc/arm-none-eabi/10.3.1/thumb/v7e-m+fp/hard/crtn.o
OUTPUT(STM32F746_Board.elf elf32-littlearm)
LOAD linker stubs
LOAD c:/st/stm32cubeide_1.9.0/stm32cubeide/plugins/com.st.stm32cube.ide.mcu.externaltools.gnu-tools-for-stm32.10.3-2021.10.win32_1.0.0.202111181127/tools/bin/../lib/gcc/arm-none-eabi/10.3.1/../../../../arm-none-eabi/lib/thumb/v7e-m+fp/hard\libc.a
LOAD c:/st/stm32cubeide_1.9.0/stm32cubeide/plugins/com.st.stm32cube.ide.mcu.externaltools.gnu-tools-for-stm32.10.3-2021.10.win32_1.0.0.202111181127/tools/bin/../lib/gcc/arm-none-eabi/10.3.1/../../../../arm-none-eabi/lib/thumb/v7e-m+fp/hard\libm.a
LOAD c:/st/stm32cubeide_1.9.0/stm32cubeide/plugins/com.st.stm32cube.ide.mcu.externaltools.gnu-tools-for-stm32.10.3-2021.10.win32_1.0.0.202111181127/tools/bin/../lib/gcc/arm-none-eabi/10.3.1/thumb/v7e-m+fp/hard\libgcc.a

.debug_info     0x0000000000000000     0x5152
 .debug_info    0x0000000000000000      0xb9f ./Src/control.o
 .debug_info    0x0000000000000b9f      0x902 ./Src/dsp.o
 .debug_info    0x00000000000014a1      0x50a ./Src/main.o
 .debug_info    0x00000000000019ab      0x3e9 ./Src/periph/adc.o
 .debug_info    0x0000000000001d94      0x3a5 ./Src/periph/crc.o
 .debug_info    0x0000000000002139      0x36e ./Src/periph/dac.o
 .debug_info    0x00000000000024a7      0x368 ./Src/periph/dma.o
 .debug_info    0x000000000000280f      0x4d0 ./Src/periph/gpio.o
 .debug_info    0x0000000000002cdf      0xcdf ./Src/periph/interrupt.o
 .debug_info    0x00000000000039be      0x818 ./Src/periph/rcc.o
 .debug_info    0x00000000000041d6      0x725 ./Src/periph/system_stm32f7xx.o
 .debug_info    0x00000000000048fb      0x430 ./Src/periph/timer.o
 .debug_info    0x0000000000004d2b      0x405 ./Src/periph/uart.o
 .debug_info    0x0000000000005130       0x22 ./Startup/startup_stm32f746zgtx.o

.debug_abbrev   0x0000000000000000     0x1170
 .debug_abbrev  0x0000000000000000      0x2a4 ./Src/control.o
 .debug_abbrev  0x00000000000002a4      0x22b ./Src/dsp.o
 .debug_abbrev  0x00000000000004cf      0x15b ./Src/main.o
 .debug_abbrev  0x000000000000062a       0xe0 ./Src/periph/adc.o
 .debug_abbrev  0x000000000000070a      0x101 ./Src/periph/crc.o
 .debug_abbrev  0x000000000000080b       0xaf ./Src/periph/dac.o
 .debug_abbrev  0x00000000000008ba       0xe2 ./Src/periph/dma.o
 .debug_abbrev  0x000000000000099c       0xf6 ./Src/periph/gpio.o
 .debug_abbrev  0x0000000000000a92      0x277 ./Src/periph/interrupt.o
 .debug_abbrev  0x0000000000000d09      0x138 ./Src/periph/rcc.o
 .debug_abbrev  0x0000000000000e41      0x136 ./Src/periph/system_stm32f7xx.o
 .debug_abbrev  0x0000000000000f77       0xc9 ./Src/periph/timer.o
 .debug_abbrev  0x0000000000001040      0x11e ./Src/periph/uart.o
 .debug_abbrev  0x000000000000115e       0x12 ./Startup/startup_stm32f746zgtx.o

.debug_aranges  0x0000000000000000      0x310
 .debug_aranges
                0x0000000000000000       0x68 ./Src/control.o
 .debug_aranges
                0x0000000000000068       0x90 ./Src/dsp.o
 .debug_aranges
                0x00000000000000f8       0x20 ./Src/main.o
 .debug_aranges
                0x0000000000000118       0x20 ./Src/periph/adc.o
 .debug_aranges
                0x0000000000000138       0x28 ./Src/periph/crc.o
 .debug_aranges
                0x0000000000000160       0x20 ./Src/periph/dac.o
 .debug_aranges
                0x0000000000000180       0x20 ./Src/periph/dma.o
 .debug_aranges
                0x00000000000001a0       0x38 ./Src/periph/gpio.o
 .debug_aranges
                0x00000000000001d8       0x58 ./Src/periph/interrupt.o
 .debug_aranges
                0x0000000000000230       0x30 ./Src/periph/rcc.o
 .debug_aranges
                0x0000000000000260       0x28 ./Src/periph/system_stm32f7xx.o
 .debug_aranges
                0x0000000000000288       0x38 ./Src/periph/timer.o
 .debug_aranges
                0x00000000000002c0       0x28 ./Src/periph/uart.o
 .debug_aranges
                0x00000000000002e8       0x28 ./Startup/startup_stm32f746zgtx.o

.debug_ranges   0x0000000000000000      0x238
 .debug_ranges  0x0000000000000000       0x58 ./Src/control.o
 .debug_ranges  0x0000000000000058       0x80 ./Src/dsp.o
 .debug_ranges  0x00000000000000d8       0x10 ./Src/main.o
 .debug_ranges  0x00000000000000e8       0x10 ./Src/periph/adc.o
 .debug_ranges  0x00000000000000f8       0x18 ./Src/periph/crc.o
 .debug_ranges  0x0000000000000110       0x10 ./Src/periph/dac.o
 .debug_ranges  0x0000000000000120       0x10 ./Src/periph/dma.o
 .debug_ranges  0x0000000000000130       0x28 ./Src/periph/gpio.o
 .debug_ranges  0x0000000000000158       0x48 ./Src/periph/interrupt.o
 .debug_ranges  0x00000000000001a0       0x20 ./Src/periph/rcc.o
 .debug_ranges  0x00000000000001c0       0x18 ./Src/periph/system_stm32f7xx.o
 .debug_ranges  0x00000000000001d8       0x28 ./Src/periph/timer.o
 .debug_ranges  0x0000000000000200       0x18 ./Src/periph/uart.o
 .debug_ranges  0x0000000000000218       0x20 ./Startup/startup_stm32f746zgtx.o

.debug_macro    0x0000000000000000    0x1c19f
 .debug_macro   0x0000000000000000      0x110 ./Src/control.o
 .debug_macro   0x0000000000000110       0x28 ./Src/control.o
 .debug_macro   0x0000000000000138       0x34 ./Src/control.o
 .debug_macro   0x000000000000016c     0x12cd ./Src/control.o
 .debug_macro   0x0000000000001439      0x11f ./Src/control.o
 .debug_macro   0x0000000000001558       0x19 ./Src/control.o
 .debug_macro   0x0000000000001571    0x1920a ./Src/control.o
 .debug_macro   0x000000000001a77b       0x6d ./Src/control.o
 .debug_macro   0x000000000001a7e8       0x34 ./Src/control.o
 .debug_macro   0x000000000001a81c       0x28 ./Src/control.o
 .debug_macro   0x000000000001a844       0x16 ./Src/control.o
 .debug_macro   0x000000000001a85a      0x1e8 ./Src/dsp.o
 .debug_macro   0x000000000001aa42       0x16 ./Src/dsp.o
 .debug_macro   0x000000000001aa58      0x10e ./Src/dsp.o
 .debug_macro   0x000000000001ab66       0x8d ./Src/dsp.o
 .debug_macro   0x000000000001abf3       0x16 ./Src/dsp.o
 .debug_macro   0x000000000001ac09       0x29 ./Src/dsp.o
 .debug_macro   0x000000000001ac32       0x16 ./Src/dsp.o
 .debug_macro   0x000000000001ac48      0x239 ./Src/main.o
 .debug_macro   0x000000000001ae81      0xa96 ./Src/main.o
 .debug_macro   0x000000000001b917       0xd5 ./Src/periph/adc.o
 .debug_macro   0x000000000001b9ec       0xd5 ./Src/periph/crc.o
 .debug_macro   0x000000000001bac1       0xd5 ./Src/periph/dac.o
 .debug_macro   0x000000000001bb96       0xd5 ./Src/periph/dma.o
 .debug_macro   0x000000000001bc6b       0xd5 ./Src/periph/gpio.o
 .debug_macro   0x000000000001bd40      0x10a ./Src/periph/interrupt.o
 .debug_macro   0x000000000001be4a       0xd5 ./Src/periph/rcc.o
 .debug_macro   0x000000000001bf1f       0xd7 ./Src/periph/system_stm32f7xx.o
 .debug_macro   0x000000000001bff6       0xd5 ./Src/periph/timer.o
 .debug_macro   0x000000000001c0cb       0xd4 ./Src/periph/uart.o

.debug_line     0x0000000000000000     0x4e0d
 .debug_line    0x0000000000000000      0x7cd ./Src/control.o
 .debug_line    0x00000000000007cd      0xb38 ./Src/dsp.o
 .debug_line    0x0000000000001305      0x726 ./Src/main.o
 .debug_line    0x0000000000001a2b      0x4ac ./Src/periph/adc.o
 .debug_line    0x0000000000001ed7      0x4e5 ./Src/periph/crc.o
 .debug_line    0x00000000000023bc      0x486 ./Src/periph/dac.o
 .debug_line    0x0000000000002842      0x4a2 ./Src/periph/dma.o
 .debug_line    0x0000000000002ce4      0x52b ./Src/periph/gpio.o
 .debug_line    0x000000000000320f      0x6ee ./Src/periph/interrupt.o
 .debug_line    0x00000000000038fd      0x5db ./Src/periph/rcc.o
 .debug_line    0x0000000000003ed8      0x4fb ./Src/periph/system_stm32f7xx.o
 .debug_line    0x00000000000043d3      0x4fc ./Src/periph/timer.o
 .debug_line    0x00000000000048cf      0x4ba ./Src/periph/uart.o
 .debug_line    0x0000000000004d89       0x84 ./Startup/startup_stm32f746zgtx.o

.debug_str      0x0000000000000000    0xa03f6
 .debug_str     0x0000000000000000    0x9b517 ./Src/control.o
                                      0x9b6c1 (size before relaxing)
 .debug_str     0x000000000009b517     0x3b78 ./Src/dsp.o
                                      0x9ed9d (size before relaxing)
 .debug_str     0x000000000009f08f      0x74e ./Src/main.o
                                      0x9f31e (size before relaxing)
 .debug_str     0x000000000009f7dd      0x193 ./Src/periph/adc.o
                                      0x9b1ab (size before relaxing)
 .debug_str     0x000000000009f970       0x2a ./Src/periph/crc.o
                                      0x9b18c (size before relaxing)
 .debug_str     0x000000000009f99a       0x14 ./Src/periph/dac.o
                                      0x9b1a3 (size before relaxing)
 .debug_str     0x000000000009f9ae       0x36 ./Src/periph/dma.o
                                      0x9b180 (size before relaxing)
 .debug_str     0x000000000009f9e4       0x7c ./Src/periph/gpio.o
                                      0x9b1f9 (size before relaxing)
 .debug_str     0x000000000009fa60      0x7f8 ./Src/periph/interrupt.o
                                      0x9bbbd (size before relaxing)
 .debug_str     0x00000000000a0258       0x91 ./Src/periph/rcc.o
                                      0x9b2fd (size before relaxing)
 .debug_str     0x00000000000a02e9       0xb1 ./Src/periph/system_stm32f7xx.o
                                      0x9b30e (size before relaxing)
 .debug_str     0x00000000000a039a       0x16 ./Src/periph/timer.o
                                      0x9b1c3 (size before relaxing)
 .debug_str     0x00000000000a03b0       0x15 ./Src/periph/uart.o
                                      0x9b203 (size before relaxing)
 .debug_str     0x00000000000a03c5       0x31 ./Startup/startup_stm32f746zgtx.o
                                         0x46 (size before relaxing)

.comment        0x0000000000000000       0x50
 .comment       0x0000000000000000       0x50 ./Src/control.o
                                         0x51 (size before relaxing)
 .comment       0x0000000000000050       0x51 ./Src/dsp.o
 .comment       0x0000000000000050       0x51 ./Src/main.o
 .comment       0x0000000000000050       0x51 ./Src/periph/adc.o
 .comment       0x0000000000000050       0x51 ./Src/periph/crc.o
 .comment       0x0000000000000050       0x51 ./Src/periph/dac.o
 .comment       0x0000000000000050       0x51 ./Src/periph/dma.o
 .comment       0x0000000000000050       0x51 ./Src/periph/gpio.o
 .comment       0x0000000000000050       0x51 ./Src/periph/interrupt.o
 .comment       0x0000000000000050       0x51 ./Src/periph/rcc.o
 .comment       0x0000000000000050       0x51 ./Src/periph/system_stm32f7xx.o
 .comment       0x0000000000000050       0x51 ./Src/periph/timer.o
 .comment       0x0000000000000050       0x51 ./Src/periph/uart.o

.debug_frame    0x0000000000000000      0x978
 .debug_frame   0x0000000000000000      0x168 ./Src/control.o
 .debug_frame   0x0000000000000168      0x254 ./Src/dsp.o
 .debug_frame   0x00000000000003bc       0x28 ./Src/main.o
 .debug_frame   0x00000000000003e4       0x30 ./Src/periph/adc.o
 .debug_frame   0x0000000000000414       0x58 ./Src/periph/crc.o
 .debug_frame   0x000000000000046c       0x30 ./Src/periph/dac.o
 .debug_frame   0x000000000000049c       0x30 ./Src/periph/dma.o
 .debug_frame   0x00000000000004cc       0xa4 ./Src/periph/gpio.o
 .debug_frame   0x0000000000000570      0x12c ./Src/periph/interrupt.o
 .debug_frame   0x000000000000069c       0x74 ./Src/periph/rcc.o
 .debug_frame   0x0000000000000710       0x58 ./Src/periph/system_stm32f7xx.o
 .debug_frame   0x0000000000000768       0x8c ./Src/periph/timer.o
 .debug_frame   0x00000000000007f4       0x58 ./Src/periph/uart.o
 .debug_frame   0x000000000000084c       0x2c c:/st/stm32cubeide_1.9.0/stm32cubeide/plugins/com.st.stm32cube.ide.mcu.externaltools.gnu-tools-for-stm32.10.3-2021.10.win32_1.0.0.202111181127/tools/bin/../lib/gcc/arm-none-eabi/10.3.1/../../../../arm-none-eabi/lib/thumb/v7e-m+fp/hard\libc_nano.a(lib_a-init.o)
 .debug_frame   0x0000000000000878       0x30 c:/st/stm32cubeide_1.9.0/stm32cubeide/plugins/com.st.stm32cube.ide.mcu.externaltools.gnu-tools-for-stm32.10.3-2021.10.win32_1.0.0.202111181127/tools/bin/../lib/gcc/arm-none-eabi/10.3.1/thumb/v7e-m+fp/hard\libgcc.a(_arm_muldf3.o)
 .debug_frame   0x00000000000008a8       0xac c:/st/stm32cubeide_1.9.0/stm32cubeide/plugins/com.st.stm32cube.ide.mcu.externaltools.gnu-tools-for-stm32.10.3-2021.10.win32_1.0.0.202111181127/tools/bin/../lib/gcc/arm-none-eabi/10.3.1/thumb/v7e-m+fp/hard\libgcc.a(_arm_addsubdf3.o)
 .debug_frame   0x0000000000000954       0x24 c:/st/stm32cubeide_1.9.0/stm32cubeide/plugins/com.st.stm32cube.ide.mcu.externaltools.gnu-tools-for-stm32.10.3-2021.10.win32_1.0.0.202111181127/tools/bin/../lib/gcc/arm-none-eabi/10.3.1/thumb/v7e-m+fp/hard\libgcc.a(_arm_truncdfsf2.o)

.debug_loc      0x0000000000000000       0x23
 .debug_loc     0x0000000000000000       0x23 ./Src/main.o
