Archive member included to satisfy reference by file (symbol)

c:/st/stm32cubeide_1.9.0/stm32cubeide/plugins/com.st.stm32cube.ide.mcu.externaltools.gnu-tools-for-stm32.10.3-2021.10.win32_1.0.0.202111181127/tools/bin/../lib/gcc/arm-none-eabi/10.3.1/../../../../arm-none-eabi/lib/thumb/v7e-m+fp/hard\libc_nano.a(lib_a-exit.o)
                              c:/st/stm32cubeide_1.9.0/stm32cubeide/plugins/com.st.stm32cube.ide.mcu.externaltools.gnu-tools-for-stm32.10.3-2021.10.win32_1.0.0.202111181127/tools/bin/../lib/gcc/arm-none-eabi/10.3.1/../../../../arm-none-eabi/lib/thumb/v7e-m+fp/hard/crt0.o (exit)
c:/st/stm32cubeide_1.9.0/stm32cubeide/plugins/com.st.stm32cube.ide.mcu.externaltools.gnu-tools-for-stm32.10.3-2021.10.win32_1.0.0.202111181127/tools/bin/../lib/gcc/arm-none-eabi/10.3.1/../../../../arm-none-eabi/lib/thumb/v7e-m+fp/hard\libc_nano.a(lib_a-impure.o)
                              c:/st/stm32cubeide_1.9.0/stm32cubeide/plugins/com.st.stm32cube.ide.mcu.externaltools.gnu-tools-for-stm32.10.3-2021.10.win32_1.0.0.202111181127/tools/bin/../lib/gcc/arm-none-eabi/10.3.1/../../../../arm-none-eabi/lib/thumb/v7e-m+fp/hard\libc_nano.a(lib_a-exit.o) (_global_impure_ptr)
c:/st/stm32cubeide_1.9.0/stm32cubeide/plugins/com.st.stm32cube.ide.mcu.externaltools.gnu-tools-for-stm32.10.3-2021.10.win32_1.0.0.202111181127/tools/bin/../lib/gcc/arm-none-eabi/10.3.1/../../../../arm-none-eabi/lib/thumb/v7e-m+fp/hard\libc_nano.a(lib_a-init.o)
                              c:/st/stm32cubeide_1.9.0/stm32cubeide/plugins/com.st.stm32cube.ide.mcu.externaltools.gnu-tools-for-stm32.10.3-2021.10.win32_1.0.0.202111181127/tools/bin/../lib/gcc/arm-none-eabi/10.3.1/../../../../arm-none-eabi/lib/thumb/v7e-m+fp/hard/crt0.o (__libc_init_array)
c:/st/stm32cubeide_1.9.0/stm32cubeide/plugins/com.st.stm32cube.ide.mcu.externaltools.gnu-tools-for-stm32.10.3-2021.10.win32_1.0.0.202111181127/tools/bin/../lib/gcc/arm-none-eabi/10.3.1/../../../../arm-none-eabi/lib/thumb/v7e-m+fp/hard\libc_nano.a(lib_a-memset.o)
                              c:/st/stm32cubeide_1.9.0/stm32cubeide/plugins/com.st.stm32cube.ide.mcu.externaltools.gnu-tools-for-stm32.10.3-2021.10.win32_1.0.0.202111181127/tools/bin/../lib/gcc/arm-none-eabi/10.3.1/../../../../arm-none-eabi/lib/thumb/v7e-m+fp/hard/crt0.o (memset)
c:/st/stm32cubeide_1.9.0/stm32cubeide/plugins/com.st.stm32cube.ide.mcu.externaltools.gnu-tools-for-stm32.10.3-2021.10.win32_1.0.0.202111181127/tools/bin/../lib/gcc/arm-none-eabi/10.3.1/../../../../arm-none-eabi/lib/thumb/v7e-m+fp/hard\libnosys.a(_exit.o)
                              c:/st/stm32cubeide_1.9.0/stm32cubeide/plugins/com.st.stm32cube.ide.mcu.externaltools.gnu-tools-for-stm32.10.3-2021.10.win32_1.0.0.202111181127/tools/bin/../lib/gcc/arm-none-eabi/10.3.1/../../../../arm-none-eabi/lib/thumb/v7e-m+fp/hard\libc_nano.a(lib_a-exit.o) (_exit)

Discarded input sections

 .text          0x0000000000000000        0x0 c:/st/stm32cubeide_1.9.0/stm32cubeide/plugins/com.st.stm32cube.ide.mcu.externaltools.gnu-tools-for-stm32.10.3-2021.10.win32_1.0.0.202111181127/tools/bin/../lib/gcc/arm-none-eabi/10.3.1/thumb/v7e-m+fp/hard/crti.o
 .data          0x0000000000000000        0x0 c:/st/stm32cubeide_1.9.0/stm32cubeide/plugins/com.st.stm32cube.ide.mcu.externaltools.gnu-tools-for-stm32.10.3-2021.10.win32_1.0.0.202111181127/tools/bin/../lib/gcc/arm-none-eabi/10.3.1/thumb/v7e-m+fp/hard/crti.o
 .bss           0x0000000000000000        0x0 c:/st/stm32cubeide_1.9.0/stm32cubeide/plugins/com.st.stm32cube.ide.mcu.externaltools.gnu-tools-for-stm32.10.3-2021.10.win32_1.0.0.202111181127/tools/bin/../lib/gcc/arm-none-eabi/10.3.1/thumb/v7e-m+fp/hard/crti.o
 .data          0x0000000000000000        0x4 c:/st/stm32cubeide_1.9.0/stm32cubeide/plugins/com.st.stm32cube.ide.mcu.externaltools.gnu-tools-for-stm32.10.3-2021.10.win32_1.0.0.202111181127/tools/bin/../lib/gcc/arm-none-eabi/10.3.1/thumb/v7e-m+fp/hard/crtbegin.o
 .rodata        0x0000000000000000       0x24 c:/st/stm32cubeide_1.9.0/stm32cubeide/plugins/com.st.stm32cube.ide.mcu.externaltools.gnu-tools-for-stm32.10.3-2021.10.win32_1.0.0.202111181127/tools/bin/../lib/gcc/arm-none-eabi/10.3.1/thumb/v7e-m+fp/hard/crtbegin.o
 .text          0x0000000000000000       0x7c c:/st/stm32cubeide_1.9.0/stm32cubeide/plugins/com.st.stm32cube.ide.mcu.externaltools.gnu-tools-for-stm32.10.3-2021.10.win32_1.0.0.202111181127/tools/bin/../lib/gcc/arm-none-eabi/10.3.1/../../../../arm-none-eabi/lib/thumb/v7e-m+fp/hard/crt0.o
 .data          0x0000000000000000        0x0 c:/st/stm32cubeide_1.9.0/stm32cubeide/plugins/com.st.stm32cube.ide.mcu.externaltools.gnu-tools-for-stm32.10.3-2021.10.win32_1.0.0.202111181127/tools/bin/../lib/gcc/arm-none-eabi/10.3.1/../../../../arm-none-eabi/lib/thumb/v7e-m+fp/hard/crt0.o
 .bss           0x0000000000000000        0x0 c:/st/stm32cubeide_1.9.0/stm32cubeide/plugins/com.st.stm32cube.ide.mcu.externaltools.gnu-tools-for-stm32.10.3-2021.10.win32_1.0.0.202111181127/tools/bin/../lib/gcc/arm-none-eabi/10.3.1/../../../../arm-none-eabi/lib/thumb/v7e-m+fp/hard/crt0.o
 .ARM.extab     0x0000000000000000        0x0 c:/st/stm32cubeide_1.9.0/stm32cubeide/plugins/com.st.stm32cube.ide.mcu.externaltools.gnu-tools-for-stm32.10.3-2021.10.win32_1.0.0.202111181127/tools/bin/../lib/gcc/arm-none-eabi/10.3.1/../../../../arm-none-eabi/lib/thumb/v7e-m+fp/hard/crt0.o
 .ARM.exidx     0x0000000000000000       0x10 c:/st/stm32cubeide_1.9.0/stm32cubeide/plugins/com.st.stm32cube.ide.mcu.externaltools.gnu-tools-for-stm32.10.3-2021.10.win32_1.0.0.202111181127/tools/bin/../lib/gcc/arm-none-eabi/10.3.1/../../../../arm-none-eabi/lib/thumb/v7e-m+fp/hard/crt0.o
 .ARM.attributes
                0x0000000000000000       0x1c c:/st/stm32cubeide_1.9.0/stm32cubeide/plugins/com.st.stm32cube.ide.mcu.externaltools.gnu-tools-for-stm32.10.3-2021.10.win32_1.0.0.202111181127/tools/bin/../lib/gcc/arm-none-eabi/10.3.1/../../../../arm-none-eabi/lib/thumb/v7e-m+fp/hard/crt0.o
 .group         0x0000000000000000        0xc ./Src/gpio.o
 .group         0x0000000000000000        0xc ./Src/gpio.o
 .group         0x0000000000000000        0xc ./Src/gpio.o
 .group         0x0000000000000000        0xc ./Src/gpio.o
 .group         0x0000000000000000        0xc ./Src/gpio.o
 .group         0x0000000000000000        0xc ./Src/gpio.o
 .group         0x0000000000000000        0xc ./Src/gpio.o
 .group         0x0000000000000000        0xc ./Src/gpio.o
 .group         0x0000000000000000        0xc ./Src/gpio.o
 .group         0x0000000000000000        0xc ./Src/gpio.o
 .group         0x0000000000000000        0xc ./Src/gpio.o
 .group         0x0000000000000000        0xc ./Src/gpio.o
 .group         0x0000000000000000        0xc ./Src/gpio.o
 .group         0x0000000000000000        0xc ./Src/gpio.o
 .group         0x0000000000000000        0xc ./Src/gpio.o
 .group         0x0000000000000000        0xc ./Src/gpio.o
 .group         0x0000000000000000        0xc ./Src/gpio.o
 .text          0x0000000000000000        0x0 ./Src/gpio.o
 .data          0x0000000000000000        0x0 ./Src/gpio.o
 .bss           0x0000000000000000        0x0 ./Src/gpio.o
 .group         0x0000000000000000        0xc ./Src/interrupt.o
 .group         0x0000000000000000        0xc ./Src/interrupt.o
 .group         0x0000000000000000        0xc ./Src/interrupt.o
 .group         0x0000000000000000        0xc ./Src/interrupt.o
 .group         0x0000000000000000        0xc ./Src/interrupt.o
 .group         0x0000000000000000        0xc ./Src/interrupt.o
 .group         0x0000000000000000        0xc ./Src/interrupt.o
 .group         0x0000000000000000        0xc ./Src/interrupt.o
 .group         0x0000000000000000        0xc ./Src/interrupt.o
 .group         0x0000000000000000        0xc ./Src/interrupt.o
 .group         0x0000000000000000        0xc ./Src/interrupt.o
 .group         0x0000000000000000        0xc ./Src/interrupt.o
 .group         0x0000000000000000        0xc ./Src/interrupt.o
 .group         0x0000000000000000        0xc ./Src/interrupt.o
 .group         0x0000000000000000        0xc ./Src/interrupt.o
 .group         0x0000000000000000        0xc ./Src/interrupt.o
 .group         0x0000000000000000        0xc ./Src/interrupt.o
 .text          0x0000000000000000        0x0 ./Src/interrupt.o
 .data          0x0000000000000000        0x0 ./Src/interrupt.o
 .bss           0x0000000000000000        0x0 ./Src/interrupt.o
 .text.__NVIC_SetPriorityGrouping
                0x0000000000000000       0x48 ./Src/interrupt.o
 .text.__NVIC_GetPriorityGrouping
                0x0000000000000000       0x1c ./Src/interrupt.o
 .text.__NVIC_EnableIRQ
                0x0000000000000000       0x3c ./Src/interrupt.o
 .text.__NVIC_SetPriority
                0x0000000000000000       0x54 ./Src/interrupt.o
 .text.NVIC_EncodePriority
                0x0000000000000000       0x66 ./Src/interrupt.o
 .text.init_interrupt
                0x0000000000000000       0x2e ./Src/interrupt.o
 .debug_macro   0x0000000000000000      0xa84 ./Src/interrupt.o
 .debug_macro   0x0000000000000000       0x28 ./Src/interrupt.o
 .debug_macro   0x0000000000000000       0x3b ./Src/interrupt.o
 .debug_macro   0x0000000000000000       0x22 ./Src/interrupt.o
 .debug_macro   0x0000000000000000       0x8e ./Src/interrupt.o
 .debug_macro   0x0000000000000000       0x51 ./Src/interrupt.o
 .debug_macro   0x0000000000000000      0x103 ./Src/interrupt.o
 .debug_macro   0x0000000000000000       0x6a ./Src/interrupt.o
 .debug_macro   0x0000000000000000      0x1df ./Src/interrupt.o
 .debug_macro   0x0000000000000000       0x1c ./Src/interrupt.o
 .debug_macro   0x0000000000000000       0x22 ./Src/interrupt.o
 .debug_macro   0x0000000000000000       0xd9 ./Src/interrupt.o
 .debug_macro   0x0000000000000000     0x12cd ./Src/interrupt.o
 .debug_macro   0x0000000000000000      0x11f ./Src/interrupt.o
 .debug_macro   0x0000000000000000       0x19 ./Src/interrupt.o
 .debug_macro   0x0000000000000000    0x1920a ./Src/interrupt.o
 .debug_macro   0x0000000000000000       0x6d ./Src/interrupt.o
 .group         0x0000000000000000        0xc ./Src/main.o
 .group         0x0000000000000000        0xc ./Src/main.o
 .group         0x0000000000000000        0xc ./Src/main.o
 .group         0x0000000000000000        0xc ./Src/main.o
 .group         0x0000000000000000        0xc ./Src/main.o
 .group         0x0000000000000000        0xc ./Src/main.o
 .group         0x0000000000000000        0xc ./Src/main.o
 .group         0x0000000000000000        0xc ./Src/main.o
 .group         0x0000000000000000        0xc ./Src/main.o
 .group         0x0000000000000000        0xc ./Src/main.o
 .group         0x0000000000000000        0xc ./Src/main.o
 .group         0x0000000000000000        0xc ./Src/main.o
 .group         0x0000000000000000        0xc ./Src/main.o
 .group         0x0000000000000000        0xc ./Src/main.o
 .group         0x0000000000000000        0xc ./Src/main.o
 .group         0x0000000000000000        0xc ./Src/main.o
 .group         0x0000000000000000        0xc ./Src/main.o
 .text          0x0000000000000000        0x0 ./Src/main.o
 .data          0x0000000000000000        0x0 ./Src/main.o
 .bss           0x0000000000000000        0x0 ./Src/main.o
 .debug_macro   0x0000000000000000      0xa84 ./Src/main.o
 .debug_macro   0x0000000000000000       0x22 ./Src/main.o
 .debug_macro   0x0000000000000000       0x8e ./Src/main.o
 .debug_macro   0x0000000000000000       0x51 ./Src/main.o
 .debug_macro   0x0000000000000000      0x103 ./Src/main.o
 .debug_macro   0x0000000000000000       0x6a ./Src/main.o
 .debug_macro   0x0000000000000000      0x1df ./Src/main.o
 .debug_macro   0x0000000000000000       0x28 ./Src/main.o
 .debug_macro   0x0000000000000000       0x3b ./Src/main.o
 .debug_macro   0x0000000000000000       0x1c ./Src/main.o
 .debug_macro   0x0000000000000000       0x22 ./Src/main.o
 .debug_macro   0x0000000000000000       0xd9 ./Src/main.o
 .debug_macro   0x0000000000000000     0x12cd ./Src/main.o
 .debug_macro   0x0000000000000000      0x11f ./Src/main.o
 .debug_macro   0x0000000000000000       0x19 ./Src/main.o
 .debug_macro   0x0000000000000000    0x1920a ./Src/main.o
 .debug_macro   0x0000000000000000       0x6d ./Src/main.o
 .group         0x0000000000000000        0xc ./Src/rcc.o
 .group         0x0000000000000000        0xc ./Src/rcc.o
 .group         0x0000000000000000        0xc ./Src/rcc.o
 .group         0x0000000000000000        0xc ./Src/rcc.o
 .group         0x0000000000000000        0xc ./Src/rcc.o
 .group         0x0000000000000000        0xc ./Src/rcc.o
 .group         0x0000000000000000        0xc ./Src/rcc.o
 .group         0x0000000000000000        0xc ./Src/rcc.o
 .group         0x0000000000000000        0xc ./Src/rcc.o
 .group         0x0000000000000000        0xc ./Src/rcc.o
 .group         0x0000000000000000        0xc ./Src/rcc.o
 .group         0x0000000000000000        0xc ./Src/rcc.o
 .group         0x0000000000000000        0xc ./Src/rcc.o
 .group         0x0000000000000000        0xc ./Src/rcc.o
 .group         0x0000000000000000        0xc ./Src/rcc.o
 .group         0x0000000000000000        0xc ./Src/rcc.o
 .group         0x0000000000000000        0xc ./Src/rcc.o
 .text          0x0000000000000000        0x0 ./Src/rcc.o
 .data          0x0000000000000000        0x0 ./Src/rcc.o
 .bss           0x0000000000000000        0x0 ./Src/rcc.o
 .debug_macro   0x0000000000000000      0xa84 ./Src/rcc.o
 .debug_macro   0x0000000000000000       0x28 ./Src/rcc.o
 .debug_macro   0x0000000000000000       0x3b ./Src/rcc.o
 .debug_macro   0x0000000000000000       0x22 ./Src/rcc.o
 .debug_macro   0x0000000000000000       0x8e ./Src/rcc.o
 .debug_macro   0x0000000000000000       0x51 ./Src/rcc.o
 .debug_macro   0x0000000000000000      0x103 ./Src/rcc.o
 .debug_macro   0x0000000000000000       0x6a ./Src/rcc.o
 .debug_macro   0x0000000000000000      0x1df ./Src/rcc.o
 .debug_macro   0x0000000000000000       0x1c ./Src/rcc.o
 .debug_macro   0x0000000000000000       0x22 ./Src/rcc.o
 .debug_macro   0x0000000000000000       0xd9 ./Src/rcc.o
 .debug_macro   0x0000000000000000     0x12cd ./Src/rcc.o
 .debug_macro   0x0000000000000000      0x11f ./Src/rcc.o
 .debug_macro   0x0000000000000000       0x19 ./Src/rcc.o
 .debug_macro   0x0000000000000000    0x1920a ./Src/rcc.o
 .debug_macro   0x0000000000000000       0x6d ./Src/rcc.o
 .group         0x0000000000000000        0xc ./Src/system_stm32f7xx.o
 .group         0x0000000000000000        0xc ./Src/system_stm32f7xx.o
 .group         0x0000000000000000        0xc ./Src/system_stm32f7xx.o
 .group         0x0000000000000000        0xc ./Src/system_stm32f7xx.o
 .group         0x0000000000000000        0xc ./Src/system_stm32f7xx.o
 .group         0x0000000000000000        0xc ./Src/system_stm32f7xx.o
 .group         0x0000000000000000        0xc ./Src/system_stm32f7xx.o
 .group         0x0000000000000000        0xc ./Src/system_stm32f7xx.o
 .group         0x0000000000000000        0xc ./Src/system_stm32f7xx.o
 .group         0x0000000000000000        0xc ./Src/system_stm32f7xx.o
 .group         0x0000000000000000        0xc ./Src/system_stm32f7xx.o
 .group         0x0000000000000000        0xc ./Src/system_stm32f7xx.o
 .group         0x0000000000000000        0xc ./Src/system_stm32f7xx.o
 .group         0x0000000000000000        0xc ./Src/system_stm32f7xx.o
 .group         0x0000000000000000        0xc ./Src/system_stm32f7xx.o
 .group         0x0000000000000000        0xc ./Src/system_stm32f7xx.o
 .group         0x0000000000000000        0xc ./Src/system_stm32f7xx.o
 .text          0x0000000000000000        0x0 ./Src/system_stm32f7xx.o
 .data          0x0000000000000000        0x0 ./Src/system_stm32f7xx.o
 .bss           0x0000000000000000        0x0 ./Src/system_stm32f7xx.o
 .rodata.APBPrescTable
                0x0000000000000000        0x8 ./Src/system_stm32f7xx.o
 .debug_macro   0x0000000000000000      0xa84 ./Src/system_stm32f7xx.o
 .debug_macro   0x0000000000000000       0x28 ./Src/system_stm32f7xx.o
 .debug_macro   0x0000000000000000       0x3b ./Src/system_stm32f7xx.o
 .debug_macro   0x0000000000000000       0x22 ./Src/system_stm32f7xx.o
 .debug_macro   0x0000000000000000       0x8e ./Src/system_stm32f7xx.o
 .debug_macro   0x0000000000000000       0x51 ./Src/system_stm32f7xx.o
 .debug_macro   0x0000000000000000      0x103 ./Src/system_stm32f7xx.o
 .debug_macro   0x0000000000000000       0x6a ./Src/system_stm32f7xx.o
 .debug_macro   0x0000000000000000      0x1df ./Src/system_stm32f7xx.o
 .debug_macro   0x0000000000000000       0x1c ./Src/system_stm32f7xx.o
 .debug_macro   0x0000000000000000       0x22 ./Src/system_stm32f7xx.o
 .debug_macro   0x0000000000000000       0xd9 ./Src/system_stm32f7xx.o
 .debug_macro   0x0000000000000000     0x12cd ./Src/system_stm32f7xx.o
 .debug_macro   0x0000000000000000      0x11f ./Src/system_stm32f7xx.o
 .debug_macro   0x0000000000000000       0x19 ./Src/system_stm32f7xx.o
 .debug_macro   0x0000000000000000    0x1920a ./Src/system_stm32f7xx.o
 .debug_macro   0x0000000000000000       0x6d ./Src/system_stm32f7xx.o
 .group         0x0000000000000000        0xc ./Src/timer.o
 .group         0x0000000000000000        0xc ./Src/timer.o
 .group         0x0000000000000000        0xc ./Src/timer.o
 .group         0x0000000000000000        0xc ./Src/timer.o
 .group         0x0000000000000000        0xc ./Src/timer.o
 .group         0x0000000000000000        0xc ./Src/timer.o
 .group         0x0000000000000000        0xc ./Src/timer.o
 .group         0x0000000000000000        0xc ./Src/timer.o
 .group         0x0000000000000000        0xc ./Src/timer.o
 .group         0x0000000000000000        0xc ./Src/timer.o
 .group         0x0000000000000000        0xc ./Src/timer.o
 .group         0x0000000000000000        0xc ./Src/timer.o
 .group         0x0000000000000000        0xc ./Src/timer.o
 .group         0x0000000000000000        0xc ./Src/timer.o
 .group         0x0000000000000000        0xc ./Src/timer.o
 .group         0x0000000000000000        0xc ./Src/timer.o
 .group         0x0000000000000000        0xc ./Src/timer.o
 .text          0x0000000000000000        0x0 ./Src/timer.o
 .data          0x0000000000000000        0x0 ./Src/timer.o
 .bss           0x0000000000000000        0x0 ./Src/timer.o
 .debug_macro   0x0000000000000000      0xa84 ./Src/timer.o
 .debug_macro   0x0000000000000000       0x28 ./Src/timer.o
 .debug_macro   0x0000000000000000       0x3b ./Src/timer.o
 .debug_macro   0x0000000000000000       0x22 ./Src/timer.o
 .debug_macro   0x0000000000000000       0x8e ./Src/timer.o
 .debug_macro   0x0000000000000000       0x51 ./Src/timer.o
 .debug_macro   0x0000000000000000      0x103 ./Src/timer.o
 .debug_macro   0x0000000000000000       0x6a ./Src/timer.o
 .debug_macro   0x0000000000000000      0x1df ./Src/timer.o
 .debug_macro   0x0000000000000000       0x1c ./Src/timer.o
 .debug_macro   0x0000000000000000       0x22 ./Src/timer.o
 .debug_macro   0x0000000000000000       0xd9 ./Src/timer.o
 .debug_macro   0x0000000000000000     0x12cd ./Src/timer.o
 .debug_macro   0x0000000000000000      0x11f ./Src/timer.o
 .debug_macro   0x0000000000000000       0x19 ./Src/timer.o
 .debug_macro   0x0000000000000000    0x1920a ./Src/timer.o
 .debug_macro   0x0000000000000000       0x6d ./Src/timer.o
 .text          0x0000000000000000       0x14 ./Startup/startup_stm32f746zgtx.o
 .data          0x0000000000000000        0x0 ./Startup/startup_stm32f746zgtx.o
 .bss           0x0000000000000000        0x0 ./Startup/startup_stm32f746zgtx.o
 .text          0x0000000000000000        0x0 c:/st/stm32cubeide_1.9.0/stm32cubeide/plugins/com.st.stm32cube.ide.mcu.externaltools.gnu-tools-for-stm32.10.3-2021.10.win32_1.0.0.202111181127/tools/bin/../lib/gcc/arm-none-eabi/10.3.1/../../../../arm-none-eabi/lib/thumb/v7e-m+fp/hard\libc_nano.a(lib_a-exit.o)
 .data          0x0000000000000000        0x0 c:/st/stm32cubeide_1.9.0/stm32cubeide/plugins/com.st.stm32cube.ide.mcu.externaltools.gnu-tools-for-stm32.10.3-2021.10.win32_1.0.0.202111181127/tools/bin/../lib/gcc/arm-none-eabi/10.3.1/../../../../arm-none-eabi/lib/thumb/v7e-m+fp/hard\libc_nano.a(lib_a-exit.o)
 .bss           0x0000000000000000        0x0 c:/st/stm32cubeide_1.9.0/stm32cubeide/plugins/com.st.stm32cube.ide.mcu.externaltools.gnu-tools-for-stm32.10.3-2021.10.win32_1.0.0.202111181127/tools/bin/../lib/gcc/arm-none-eabi/10.3.1/../../../../arm-none-eabi/lib/thumb/v7e-m+fp/hard\libc_nano.a(lib_a-exit.o)
 .text.exit     0x0000000000000000       0x28 c:/st/stm32cubeide_1.9.0/stm32cubeide/plugins/com.st.stm32cube.ide.mcu.externaltools.gnu-tools-for-stm32.10.3-2021.10.win32_1.0.0.202111181127/tools/bin/../lib/gcc/arm-none-eabi/10.3.1/../../../../arm-none-eabi/lib/thumb/v7e-m+fp/hard\libc_nano.a(lib_a-exit.o)
 .debug_frame   0x0000000000000000       0x28 c:/st/stm32cubeide_1.9.0/stm32cubeide/plugins/com.st.stm32cube.ide.mcu.externaltools.gnu-tools-for-stm32.10.3-2021.10.win32_1.0.0.202111181127/tools/bin/../lib/gcc/arm-none-eabi/10.3.1/../../../../arm-none-eabi/lib/thumb/v7e-m+fp/hard\libc_nano.a(lib_a-exit.o)
 .ARM.attributes
                0x0000000000000000       0x34 c:/st/stm32cubeide_1.9.0/stm32cubeide/plugins/com.st.stm32cube.ide.mcu.externaltools.gnu-tools-for-stm32.10.3-2021.10.win32_1.0.0.202111181127/tools/bin/../lib/gcc/arm-none-eabi/10.3.1/../../../../arm-none-eabi/lib/thumb/v7e-m+fp/hard\libc_nano.a(lib_a-exit.o)
 .text          0x0000000000000000        0x0 c:/st/stm32cubeide_1.9.0/stm32cubeide/plugins/com.st.stm32cube.ide.mcu.externaltools.gnu-tools-for-stm32.10.3-2021.10.win32_1.0.0.202111181127/tools/bin/../lib/gcc/arm-none-eabi/10.3.1/../../../../arm-none-eabi/lib/thumb/v7e-m+fp/hard\libc_nano.a(lib_a-impure.o)
 .data          0x0000000000000000        0x0 c:/st/stm32cubeide_1.9.0/stm32cubeide/plugins/com.st.stm32cube.ide.mcu.externaltools.gnu-tools-for-stm32.10.3-2021.10.win32_1.0.0.202111181127/tools/bin/../lib/gcc/arm-none-eabi/10.3.1/../../../../arm-none-eabi/lib/thumb/v7e-m+fp/hard\libc_nano.a(lib_a-impure.o)
 .bss           0x0000000000000000        0x0 c:/st/stm32cubeide_1.9.0/stm32cubeide/plugins/com.st.stm32cube.ide.mcu.externaltools.gnu-tools-for-stm32.10.3-2021.10.win32_1.0.0.202111181127/tools/bin/../lib/gcc/arm-none-eabi/10.3.1/../../../../arm-none-eabi/lib/thumb/v7e-m+fp/hard\libc_nano.a(lib_a-impure.o)
 .data._impure_ptr
                0x0000000000000000        0x4 c:/st/stm32cubeide_1.9.0/stm32cubeide/plugins/com.st.stm32cube.ide.mcu.externaltools.gnu-tools-for-stm32.10.3-2021.10.win32_1.0.0.202111181127/tools/bin/../lib/gcc/arm-none-eabi/10.3.1/../../../../arm-none-eabi/lib/thumb/v7e-m+fp/hard\libc_nano.a(lib_a-impure.o)
 .data.impure_data
                0x0000000000000000       0x60 c:/st/stm32cubeide_1.9.0/stm32cubeide/plugins/com.st.stm32cube.ide.mcu.externaltools.gnu-tools-for-stm32.10.3-2021.10.win32_1.0.0.202111181127/tools/bin/../lib/gcc/arm-none-eabi/10.3.1/../../../../arm-none-eabi/lib/thumb/v7e-m+fp/hard\libc_nano.a(lib_a-impure.o)
 .rodata._global_impure_ptr
                0x0000000000000000        0x4 c:/st/stm32cubeide_1.9.0/stm32cubeide/plugins/com.st.stm32cube.ide.mcu.externaltools.gnu-tools-for-stm32.10.3-2021.10.win32_1.0.0.202111181127/tools/bin/../lib/gcc/arm-none-eabi/10.3.1/../../../../arm-none-eabi/lib/thumb/v7e-m+fp/hard\libc_nano.a(lib_a-impure.o)
 .ARM.attributes
                0x0000000000000000       0x34 c:/st/stm32cubeide_1.9.0/stm32cubeide/plugins/com.st.stm32cube.ide.mcu.externaltools.gnu-tools-for-stm32.10.3-2021.10.win32_1.0.0.202111181127/tools/bin/../lib/gcc/arm-none-eabi/10.3.1/../../../../arm-none-eabi/lib/thumb/v7e-m+fp/hard\libc_nano.a(lib_a-impure.o)
 .text          0x0000000000000000        0x0 c:/st/stm32cubeide_1.9.0/stm32cubeide/plugins/com.st.stm32cube.ide.mcu.externaltools.gnu-tools-for-stm32.10.3-2021.10.win32_1.0.0.202111181127/tools/bin/../lib/gcc/arm-none-eabi/10.3.1/../../../../arm-none-eabi/lib/thumb/v7e-m+fp/hard\libc_nano.a(lib_a-init.o)
 .data          0x0000000000000000        0x0 c:/st/stm32cubeide_1.9.0/stm32cubeide/plugins/com.st.stm32cube.ide.mcu.externaltools.gnu-tools-for-stm32.10.3-2021.10.win32_1.0.0.202111181127/tools/bin/../lib/gcc/arm-none-eabi/10.3.1/../../../../arm-none-eabi/lib/thumb/v7e-m+fp/hard\libc_nano.a(lib_a-init.o)
 .bss           0x0000000000000000        0x0 c:/st/stm32cubeide_1.9.0/stm32cubeide/plugins/com.st.stm32cube.ide.mcu.externaltools.gnu-tools-for-stm32.10.3-2021.10.win32_1.0.0.202111181127/tools/bin/../lib/gcc/arm-none-eabi/10.3.1/../../../../arm-none-eabi/lib/thumb/v7e-m+fp/hard\libc_nano.a(lib_a-init.o)
 .text          0x0000000000000000        0x0 c:/st/stm32cubeide_1.9.0/stm32cubeide/plugins/com.st.stm32cube.ide.mcu.externaltools.gnu-tools-for-stm32.10.3-2021.10.win32_1.0.0.202111181127/tools/bin/../lib/gcc/arm-none-eabi/10.3.1/../../../../arm-none-eabi/lib/thumb/v7e-m+fp/hard\libc_nano.a(lib_a-memset.o)
 .data          0x0000000000000000        0x0 c:/st/stm32cubeide_1.9.0/stm32cubeide/plugins/com.st.stm32cube.ide.mcu.externaltools.gnu-tools-for-stm32.10.3-2021.10.win32_1.0.0.202111181127/tools/bin/../lib/gcc/arm-none-eabi/10.3.1/../../../../arm-none-eabi/lib/thumb/v7e-m+fp/hard\libc_nano.a(lib_a-memset.o)
 .bss           0x0000000000000000        0x0 c:/st/stm32cubeide_1.9.0/stm32cubeide/plugins/com.st.stm32cube.ide.mcu.externaltools.gnu-tools-for-stm32.10.3-2021.10.win32_1.0.0.202111181127/tools/bin/../lib/gcc/arm-none-eabi/10.3.1/../../../../arm-none-eabi/lib/thumb/v7e-m+fp/hard\libc_nano.a(lib_a-memset.o)
 .text.memset   0x0000000000000000       0x10 c:/st/stm32cubeide_1.9.0/stm32cubeide/plugins/com.st.stm32cube.ide.mcu.externaltools.gnu-tools-for-stm32.10.3-2021.10.win32_1.0.0.202111181127/tools/bin/../lib/gcc/arm-none-eabi/10.3.1/../../../../arm-none-eabi/lib/thumb/v7e-m+fp/hard\libc_nano.a(lib_a-memset.o)
 .debug_frame   0x0000000000000000       0x20 c:/st/stm32cubeide_1.9.0/stm32cubeide/plugins/com.st.stm32cube.ide.mcu.externaltools.gnu-tools-for-stm32.10.3-2021.10.win32_1.0.0.202111181127/tools/bin/../lib/gcc/arm-none-eabi/10.3.1/../../../../arm-none-eabi/lib/thumb/v7e-m+fp/hard\libc_nano.a(lib_a-memset.o)
 .ARM.attributes
                0x0000000000000000       0x34 c:/st/stm32cubeide_1.9.0/stm32cubeide/plugins/com.st.stm32cube.ide.mcu.externaltools.gnu-tools-for-stm32.10.3-2021.10.win32_1.0.0.202111181127/tools/bin/../lib/gcc/arm-none-eabi/10.3.1/../../../../arm-none-eabi/lib/thumb/v7e-m+fp/hard\libc_nano.a(lib_a-memset.o)
 .text          0x0000000000000000        0x0 c:/st/stm32cubeide_1.9.0/stm32cubeide/plugins/com.st.stm32cube.ide.mcu.externaltools.gnu-tools-for-stm32.10.3-2021.10.win32_1.0.0.202111181127/tools/bin/../lib/gcc/arm-none-eabi/10.3.1/../../../../arm-none-eabi/lib/thumb/v7e-m+fp/hard\libnosys.a(_exit.o)
 .data          0x0000000000000000        0x0 c:/st/stm32cubeide_1.9.0/stm32cubeide/plugins/com.st.stm32cube.ide.mcu.externaltools.gnu-tools-for-stm32.10.3-2021.10.win32_1.0.0.202111181127/tools/bin/../lib/gcc/arm-none-eabi/10.3.1/../../../../arm-none-eabi/lib/thumb/v7e-m+fp/hard\libnosys.a(_exit.o)
 .bss           0x0000000000000000        0x0 c:/st/stm32cubeide_1.9.0/stm32cubeide/plugins/com.st.stm32cube.ide.mcu.externaltools.gnu-tools-for-stm32.10.3-2021.10.win32_1.0.0.202111181127/tools/bin/../lib/gcc/arm-none-eabi/10.3.1/../../../../arm-none-eabi/lib/thumb/v7e-m+fp/hard\libnosys.a(_exit.o)
 .text._exit    0x0000000000000000        0x2 c:/st/stm32cubeide_1.9.0/stm32cubeide/plugins/com.st.stm32cube.ide.mcu.externaltools.gnu-tools-for-stm32.10.3-2021.10.win32_1.0.0.202111181127/tools/bin/../lib/gcc/arm-none-eabi/10.3.1/../../../../arm-none-eabi/lib/thumb/v7e-m+fp/hard\libnosys.a(_exit.o)
 .debug_frame   0x0000000000000000       0x20 c:/st/stm32cubeide_1.9.0/stm32cubeide/plugins/com.st.stm32cube.ide.mcu.externaltools.gnu-tools-for-stm32.10.3-2021.10.win32_1.0.0.202111181127/tools/bin/../lib/gcc/arm-none-eabi/10.3.1/../../../../arm-none-eabi/lib/thumb/v7e-m+fp/hard\libnosys.a(_exit.o)
 .ARM.attributes
                0x0000000000000000       0x34 c:/st/stm32cubeide_1.9.0/stm32cubeide/plugins/com.st.stm32cube.ide.mcu.externaltools.gnu-tools-for-stm32.10.3-2021.10.win32_1.0.0.202111181127/tools/bin/../lib/gcc/arm-none-eabi/10.3.1/../../../../arm-none-eabi/lib/thumb/v7e-m+fp/hard\libnosys.a(_exit.o)
 .text          0x0000000000000000        0x0 c:/st/stm32cubeide_1.9.0/stm32cubeide/plugins/com.st.stm32cube.ide.mcu.externaltools.gnu-tools-for-stm32.10.3-2021.10.win32_1.0.0.202111181127/tools/bin/../lib/gcc/arm-none-eabi/10.3.1/thumb/v7e-m+fp/hard/crtend.o
 .data          0x0000000000000000        0x0 c:/st/stm32cubeide_1.9.0/stm32cubeide/plugins/com.st.stm32cube.ide.mcu.externaltools.gnu-tools-for-stm32.10.3-2021.10.win32_1.0.0.202111181127/tools/bin/../lib/gcc/arm-none-eabi/10.3.1/thumb/v7e-m+fp/hard/crtend.o
 .bss           0x0000000000000000        0x0 c:/st/stm32cubeide_1.9.0/stm32cubeide/plugins/com.st.stm32cube.ide.mcu.externaltools.gnu-tools-for-stm32.10.3-2021.10.win32_1.0.0.202111181127/tools/bin/../lib/gcc/arm-none-eabi/10.3.1/thumb/v7e-m+fp/hard/crtend.o
 .rodata        0x0000000000000000       0x24 c:/st/stm32cubeide_1.9.0/stm32cubeide/plugins/com.st.stm32cube.ide.mcu.externaltools.gnu-tools-for-stm32.10.3-2021.10.win32_1.0.0.202111181127/tools/bin/../lib/gcc/arm-none-eabi/10.3.1/thumb/v7e-m+fp/hard/crtend.o
 .eh_frame      0x0000000000000000        0x4 c:/st/stm32cubeide_1.9.0/stm32cubeide/plugins/com.st.stm32cube.ide.mcu.externaltools.gnu-tools-for-stm32.10.3-2021.10.win32_1.0.0.202111181127/tools/bin/../lib/gcc/arm-none-eabi/10.3.1/thumb/v7e-m+fp/hard/crtend.o
 .ARM.attributes
                0x0000000000000000       0x34 c:/st/stm32cubeide_1.9.0/stm32cubeide/plugins/com.st.stm32cube.ide.mcu.externaltools.gnu-tools-for-stm32.10.3-2021.10.win32_1.0.0.202111181127/tools/bin/../lib/gcc/arm-none-eabi/10.3.1/thumb/v7e-m+fp/hard/crtend.o
 .text          0x0000000000000000        0x0 c:/st/stm32cubeide_1.9.0/stm32cubeide/plugins/com.st.stm32cube.ide.mcu.externaltools.gnu-tools-for-stm32.10.3-2021.10.win32_1.0.0.202111181127/tools/bin/../lib/gcc/arm-none-eabi/10.3.1/thumb/v7e-m+fp/hard/crtn.o
 .data          0x0000000000000000        0x0 c:/st/stm32cubeide_1.9.0/stm32cubeide/plugins/com.st.stm32cube.ide.mcu.externaltools.gnu-tools-for-stm32.10.3-2021.10.win32_1.0.0.202111181127/tools/bin/../lib/gcc/arm-none-eabi/10.3.1/thumb/v7e-m+fp/hard/crtn.o
 .bss           0x0000000000000000        0x0 c:/st/stm32cubeide_1.9.0/stm32cubeide/plugins/com.st.stm32cube.ide.mcu.externaltools.gnu-tools-for-stm32.10.3-2021.10.win32_1.0.0.202111181127/tools/bin/../lib/gcc/arm-none-eabi/10.3.1/thumb/v7e-m+fp/hard/crtn.o

Memory Configuration

Name             Origin             Length             Attributes
RAM              0x0000000020000000 0x0000000000050000 xrw
FLASH            0x0000000008000000 0x0000000000100000 xr
*default*        0x0000000000000000 0xffffffffffffffff

Linker script and memory map

LOAD c:/st/stm32cubeide_1.9.0/stm32cubeide/plugins/com.st.stm32cube.ide.mcu.externaltools.gnu-tools-for-stm32.10.3-2021.10.win32_1.0.0.202111181127/tools/bin/../lib/gcc/arm-none-eabi/10.3.1/thumb/v7e-m+fp/hard/crti.o
LOAD c:/st/stm32cubeide_1.9.0/stm32cubeide/plugins/com.st.stm32cube.ide.mcu.externaltools.gnu-tools-for-stm32.10.3-2021.10.win32_1.0.0.202111181127/tools/bin/../lib/gcc/arm-none-eabi/10.3.1/thumb/v7e-m+fp/hard/crtbegin.o
LOAD c:/st/stm32cubeide_1.9.0/stm32cubeide/plugins/com.st.stm32cube.ide.mcu.externaltools.gnu-tools-for-stm32.10.3-2021.10.win32_1.0.0.202111181127/tools/bin/../lib/gcc/arm-none-eabi/10.3.1/../../../../arm-none-eabi/lib/thumb/v7e-m+fp/hard/crt0.o
LOAD ./Src/gpio.o
LOAD ./Src/interrupt.o
LOAD ./Src/main.o
LOAD ./Src/rcc.o
LOAD ./Src/system_stm32f7xx.o
LOAD ./Src/timer.o
LOAD ./Startup/startup_stm32f746zgtx.o
START GROUP
LOAD c:/st/stm32cubeide_1.9.0/stm32cubeide/plugins/com.st.stm32cube.ide.mcu.externaltools.gnu-tools-for-stm32.10.3-2021.10.win32_1.0.0.202111181127/tools/bin/../lib/gcc/arm-none-eabi/10.3.1/../../../../arm-none-eabi/lib/thumb/v7e-m+fp/hard\libc_nano.a
LOAD c:/st/stm32cubeide_1.9.0/stm32cubeide/plugins/com.st.stm32cube.ide.mcu.externaltools.gnu-tools-for-stm32.10.3-2021.10.win32_1.0.0.202111181127/tools/bin/../lib/gcc/arm-none-eabi/10.3.1/../../../../arm-none-eabi/lib/thumb/v7e-m+fp/hard\libm.a
END GROUP
START GROUP
LOAD c:/st/stm32cubeide_1.9.0/stm32cubeide/plugins/com.st.stm32cube.ide.mcu.externaltools.gnu-tools-for-stm32.10.3-2021.10.win32_1.0.0.202111181127/tools/bin/../lib/gcc/arm-none-eabi/10.3.1/thumb/v7e-m+fp/hard\libgcc.a
LOAD c:/st/stm32cubeide_1.9.0/stm32cubeide/plugins/com.st.stm32cube.ide.mcu.externaltools.gnu-tools-for-stm32.10.3-2021.10.win32_1.0.0.202111181127/tools/bin/../lib/gcc/arm-none-eabi/10.3.1/../../../../arm-none-eabi/lib/thumb/v7e-m+fp/hard\libc_nano.a
END GROUP
START GROUP
LOAD c:/st/stm32cubeide_1.9.0/stm32cubeide/plugins/com.st.stm32cube.ide.mcu.externaltools.gnu-tools-for-stm32.10.3-2021.10.win32_1.0.0.202111181127/tools/bin/../lib/gcc/arm-none-eabi/10.3.1/thumb/v7e-m+fp/hard\libgcc.a
LOAD c:/st/stm32cubeide_1.9.0/stm32cubeide/plugins/com.st.stm32cube.ide.mcu.externaltools.gnu-tools-for-stm32.10.3-2021.10.win32_1.0.0.202111181127/tools/bin/../lib/gcc/arm-none-eabi/10.3.1/../../../../arm-none-eabi/lib/thumb/v7e-m+fp/hard\libc_nano.a
LOAD c:/st/stm32cubeide_1.9.0/stm32cubeide/plugins/com.st.stm32cube.ide.mcu.externaltools.gnu-tools-for-stm32.10.3-2021.10.win32_1.0.0.202111181127/tools/bin/../lib/gcc/arm-none-eabi/10.3.1/../../../../arm-none-eabi/lib/thumb/v7e-m+fp/hard\libnosys.a
END GROUP
START GROUP
LOAD c:/st/stm32cubeide_1.9.0/stm32cubeide/plugins/com.st.stm32cube.ide.mcu.externaltools.gnu-tools-for-stm32.10.3-2021.10.win32_1.0.0.202111181127/tools/bin/../lib/gcc/arm-none-eabi/10.3.1/thumb/v7e-m+fp/hard\libgcc.a
LOAD c:/st/stm32cubeide_1.9.0/stm32cubeide/plugins/com.st.stm32cube.ide.mcu.externaltools.gnu-tools-for-stm32.10.3-2021.10.win32_1.0.0.202111181127/tools/bin/../lib/gcc/arm-none-eabi/10.3.1/../../../../arm-none-eabi/lib/thumb/v7e-m+fp/hard\libc_nano.a
LOAD c:/st/stm32cubeide_1.9.0/stm32cubeide/plugins/com.st.stm32cube.ide.mcu.externaltools.gnu-tools-for-stm32.10.3-2021.10.win32_1.0.0.202111181127/tools/bin/../lib/gcc/arm-none-eabi/10.3.1/../../../../arm-none-eabi/lib/thumb/v7e-m+fp/hard\libnosys.a
END GROUP
LOAD c:/st/stm32cubeide_1.9.0/stm32cubeide/plugins/com.st.stm32cube.ide.mcu.externaltools.gnu-tools-for-stm32.10.3-2021.10.win32_1.0.0.202111181127/tools/bin/../lib/gcc/arm-none-eabi/10.3.1/thumb/v7e-m+fp/hard/crtend.o
LOAD c:/st/stm32cubeide_1.9.0/stm32cubeide/plugins/com.st.stm32cube.ide.mcu.externaltools.gnu-tools-for-stm32.10.3-2021.10.win32_1.0.0.202111181127/tools/bin/../lib/gcc/arm-none-eabi/10.3.1/thumb/v7e-m+fp/hard/crtn.o
                0x0000000020050000                _estack = (ORIGIN (RAM) + LENGTH (RAM))
                0x0000000000000200                _Min_Heap_Size = 0x200
                0x0000000000000400                _Min_Stack_Size = 0x400

.isr_vector     0x0000000008000000      0x1c8
                0x0000000008000000                . = ALIGN (0x4)
 *(.isr_vector)
 .isr_vector    0x0000000008000000      0x1c8 ./Startup/startup_stm32f746zgtx.o
                0x0000000008000000                g_pfnVectors
                0x00000000080001c8                . = ALIGN (0x4)

.text           0x00000000080001c8      0x520
                0x00000000080001c8                . = ALIGN (0x4)
 *(.text)
 .text          0x00000000080001c8       0x40 c:/st/stm32cubeide_1.9.0/stm32cubeide/plugins/com.st.stm32cube.ide.mcu.externaltools.gnu-tools-for-stm32.10.3-2021.10.win32_1.0.0.202111181127/tools/bin/../lib/gcc/arm-none-eabi/10.3.1/thumb/v7e-m+fp/hard/crtbegin.o
 *(.text*)
 .text.init_GPIO
                0x0000000008000208       0x48 ./Src/gpio.o
                0x0000000008000208                init_GPIO
 .text.init_GPIO_Output
                0x0000000008000250       0x2a ./Src/gpio.o
                0x0000000008000250                init_GPIO_Output
 .text.init_GPIO_AFunction
                0x000000000800027a       0x72 ./Src/gpio.o
                0x000000000800027a                init_GPIO_AFunction
 .text.TIM8_UP_TIM13_IRQHandler
                0x00000000080002ec       0x30 ./Src/interrupt.o
                0x00000000080002ec                TIM8_UP_TIM13_IRQHandler
 .text.main     0x000000000800031c       0x44 ./Src/main.o
                0x000000000800031c                main
 .text.init_RCC
                0x0000000008000360      0x120 ./Src/rcc.o
                0x0000000008000360                init_RCC
 .text.SystemInit
                0x0000000008000480       0x24 ./Src/system_stm32f7xx.o
                0x0000000008000480                SystemInit
 .text.SystemCoreClockUpdate
                0x00000000080004a4      0x100 ./Src/system_stm32f7xx.o
                0x00000000080004a4                SystemCoreClockUpdate
 .text.init_timer8
                0x00000000080005a4       0x90 ./Src/timer.o
                0x00000000080005a4                init_timer8
 .text.Reset_Handler
                0x0000000008000634       0x50 ./Startup/startup_stm32f746zgtx.o
                0x0000000008000634                Reset_Handler
 .text.Default_Handler
                0x0000000008000684        0x2 ./Startup/startup_stm32f746zgtx.o
                0x0000000008000684                HASH_RNG_IRQHandler
                0x0000000008000684                EXTI2_IRQHandler
                0x0000000008000684                TIM8_CC_IRQHandler
                0x0000000008000684                DebugMon_Handler
                0x0000000008000684                UART8_IRQHandler
                0x0000000008000684                SPI4_IRQHandler
                0x0000000008000684                TIM1_CC_IRQHandler
                0x0000000008000684                QuadSPI_IRQHandler
                0x0000000008000684                DMA2_Stream5_IRQHandler
                0x0000000008000684                HardFault_Handler
                0x0000000008000684                DMA1_Stream5_IRQHandler
                0x0000000008000684                SysTick_Handler
                0x0000000008000684                PVD_IRQHandler
                0x0000000008000684                TAMP_STAMP_IRQHandler
                0x0000000008000684                PendSV_Handler
                0x0000000008000684                NMI_Handler
                0x0000000008000684                CAN2_RX1_IRQHandler
                0x0000000008000684                EXTI3_IRQHandler
                0x0000000008000684                TIM8_TRG_COM_TIM14_IRQHandler
                0x0000000008000684                TIM1_UP_TIM10_IRQHandler
                0x0000000008000684                I2C3_ER_IRQHandler
                0x0000000008000684                LCD_TFT_IRQHandler
                0x0000000008000684                EXTI0_IRQHandler
                0x0000000008000684                I2C2_EV_IRQHandler
                0x0000000008000684                DMA1_Stream2_IRQHandler
                0x0000000008000684                CAN1_RX0_IRQHandler
                0x0000000008000684                FPU_IRQHandler
                0x0000000008000684                OTG_HS_WKUP_IRQHandler
                0x0000000008000684                UsageFault_Handler
                0x0000000008000684                LTDC_ER_IRQHandler
                0x0000000008000684                CAN2_SCE_IRQHandler
                0x0000000008000684                DMA2_Stream2_IRQHandler
                0x0000000008000684                SPI1_IRQHandler
                0x0000000008000684                TIM6_DAC_IRQHandler
                0x0000000008000684                TIM1_BRK_TIM9_IRQHandler
                0x0000000008000684                DCMI_IRQHandler
                0x0000000008000684                CAN2_RX0_IRQHandler
                0x0000000008000684                DMA2_Stream3_IRQHandler
                0x0000000008000684                RTC_ALARM_IRQHandler
                0x0000000008000684                SAI2_IRQHandler
                0x0000000008000684                USART6_IRQHandler
                0x0000000008000684                USART3_IRQHandler
                0x0000000008000684                CRYP_IRQHandler
                0x0000000008000684                CAN1_RX1_IRQHandler
                0x0000000008000684                UART5_IRQHandler
                0x0000000008000684                DMA2_Stream0_IRQHandler
                0x0000000008000684                TIM4_IRQHandler
                0x0000000008000684                I2C1_EV_IRQHandler
                0x0000000008000684                HDMI_CEC_IRQHandler
                0x0000000008000684                DMA1_Stream6_IRQHandler
                0x0000000008000684                DMA1_Stream1_IRQHandler
                0x0000000008000684                UART4_IRQHandler
                0x0000000008000684                TIM3_IRQHandler
                0x0000000008000684                RCC_IRQHandler
                0x0000000008000684                TIM8_BRK_TIM12_IRQHandler
                0x0000000008000684                Default_Handler
                0x0000000008000684                EXTI15_10_IRQHandler
                0x0000000008000684                ADC_IRQHandler
                0x0000000008000684                DMA1_Stream7_IRQHandler
                0x0000000008000684                SPI5_IRQHandler
                0x0000000008000684                LPTimer1_IRQHandler
                0x0000000008000684                TIM7_IRQHandler
                0x0000000008000684                SDMMC1_IRQHandler
                0x0000000008000684                CAN2_TX_IRQHandler
                0x0000000008000684                TIM5_IRQHandler
                0x0000000008000684                DMA2_Stream7_IRQHandler
                0x0000000008000684                I2C3_EV_IRQHandler
                0x0000000008000684                EXTI9_5_IRQHandler
                0x0000000008000684                RTC_WKUP_IRQHandler
                0x0000000008000684                ETH_WKUP_IRQHandler
                0x0000000008000684                SPI2_IRQHandler
                0x0000000008000684                OTG_HS_EP1_IN_IRQHandler
                0x0000000008000684                MemManage_Handler
                0x0000000008000684                DMA1_Stream0_IRQHandler
                0x0000000008000684                CAN1_TX_IRQHandler
                0x0000000008000684                SVC_Handler
                0x0000000008000684                EXTI4_IRQHandler
                0x0000000008000684                ETH_IRQHandler
                0x0000000008000684                OTG_HS_EP1_OUT_IRQHandler
                0x0000000008000684                WWDG_IRQHandler
                0x0000000008000684                SPI6_IRQHandler
                0x0000000008000684                I2C4_EV_IRQHandler
                0x0000000008000684                TIM2_IRQHandler
                0x0000000008000684                OTG_FS_WKUP_IRQHandler
                0x0000000008000684                TIM1_TRG_COM_TIM11_IRQHandler
                0x0000000008000684                OTG_HS_IRQHandler
                0x0000000008000684                DMA2D_IRQHandler
                0x0000000008000684                EXTI1_IRQHandler
                0x0000000008000684                UART7_IRQHandler
                0x0000000008000684                USART2_IRQHandler
                0x0000000008000684                I2C2_ER_IRQHandler
                0x0000000008000684                SPDIFRX_IRQHandler
                0x0000000008000684                DMA2_Stream1_IRQHandler
                0x0000000008000684                CAN1_SCE_IRQHandler
                0x0000000008000684                FLASH_IRQHandler
                0x0000000008000684                DMA2_Stream4_IRQHandler
                0x0000000008000684                BusFault_Handler
                0x0000000008000684                USART1_IRQHandler
                0x0000000008000684                OTG_FS_IRQHandler
                0x0000000008000684                SPI3_IRQHandler
                0x0000000008000684                DMA1_Stream4_IRQHandler
                0x0000000008000684                I2C1_ER_IRQHandler
                0x0000000008000684                FMC_IRQHandler
                0x0000000008000684                I2C4_ER_IRQHandler
                0x0000000008000684                DMA2_Stream6_IRQHandler
                0x0000000008000684                SAI1_IRQHandler
                0x0000000008000684                DMA1_Stream3_IRQHandler
 *fill*         0x0000000008000686        0x2 
 .text.__libc_init_array
                0x0000000008000688       0x48 c:/st/stm32cubeide_1.9.0/stm32cubeide/plugins/com.st.stm32cube.ide.mcu.externaltools.gnu-tools-for-stm32.10.3-2021.10.win32_1.0.0.202111181127/tools/bin/../lib/gcc/arm-none-eabi/10.3.1/../../../../arm-none-eabi/lib/thumb/v7e-m+fp/hard\libc_nano.a(lib_a-init.o)
                0x0000000008000688                __libc_init_array
 *(.glue_7)
 .glue_7        0x00000000080006d0        0x0 linker stubs
 *(.glue_7t)
 .glue_7t       0x00000000080006d0        0x0 linker stubs
 *(.eh_frame)
 .eh_frame      0x00000000080006d0        0x0 c:/st/stm32cubeide_1.9.0/stm32cubeide/plugins/com.st.stm32cube.ide.mcu.externaltools.gnu-tools-for-stm32.10.3-2021.10.win32_1.0.0.202111181127/tools/bin/../lib/gcc/arm-none-eabi/10.3.1/thumb/v7e-m+fp/hard/crtbegin.o
 *(.init)
 .init          0x00000000080006d0        0x4 c:/st/stm32cubeide_1.9.0/stm32cubeide/plugins/com.st.stm32cube.ide.mcu.externaltools.gnu-tools-for-stm32.10.3-2021.10.win32_1.0.0.202111181127/tools/bin/../lib/gcc/arm-none-eabi/10.3.1/thumb/v7e-m+fp/hard/crti.o
                0x00000000080006d0                _init
 .init          0x00000000080006d4        0x8 c:/st/stm32cubeide_1.9.0/stm32cubeide/plugins/com.st.stm32cube.ide.mcu.externaltools.gnu-tools-for-stm32.10.3-2021.10.win32_1.0.0.202111181127/tools/bin/../lib/gcc/arm-none-eabi/10.3.1/thumb/v7e-m+fp/hard/crtn.o
 *(.fini)
 .fini          0x00000000080006dc        0x4 c:/st/stm32cubeide_1.9.0/stm32cubeide/plugins/com.st.stm32cube.ide.mcu.externaltools.gnu-tools-for-stm32.10.3-2021.10.win32_1.0.0.202111181127/tools/bin/../lib/gcc/arm-none-eabi/10.3.1/thumb/v7e-m+fp/hard/crti.o
                0x00000000080006dc                _fini
 .fini          0x00000000080006e0        0x8 c:/st/stm32cubeide_1.9.0/stm32cubeide/plugins/com.st.stm32cube.ide.mcu.externaltools.gnu-tools-for-stm32.10.3-2021.10.win32_1.0.0.202111181127/tools/bin/../lib/gcc/arm-none-eabi/10.3.1/thumb/v7e-m+fp/hard/crtn.o
                0x00000000080006e8                . = ALIGN (0x4)
                0x00000000080006e8                _etext = .

.vfp11_veneer   0x00000000080006e8        0x0
 .vfp11_veneer  0x00000000080006e8        0x0 linker stubs

.v4_bx          0x00000000080006e8        0x0
 .v4_bx         0x00000000080006e8        0x0 linker stubs

.iplt           0x00000000080006e8        0x0
 .iplt          0x00000000080006e8        0x0 c:/st/stm32cubeide_1.9.0/stm32cubeide/plugins/com.st.stm32cube.ide.mcu.externaltools.gnu-tools-for-stm32.10.3-2021.10.win32_1.0.0.202111181127/tools/bin/../lib/gcc/arm-none-eabi/10.3.1/thumb/v7e-m+fp/hard/crtbegin.o

.rodata         0x00000000080006e8       0x10
                0x00000000080006e8                . = ALIGN (0x4)
 *(.rodata)
 *(.rodata*)
 .rodata.AHBPrescTable
                0x00000000080006e8       0x10 ./Src/system_stm32f7xx.o
                0x00000000080006e8                AHBPrescTable
                0x00000000080006f8                . = ALIGN (0x4)

.rel.dyn        0x00000000080006f8        0x0
 .rel.iplt      0x00000000080006f8        0x0 c:/st/stm32cubeide_1.9.0/stm32cubeide/plugins/com.st.stm32cube.ide.mcu.externaltools.gnu-tools-for-stm32.10.3-2021.10.win32_1.0.0.202111181127/tools/bin/../lib/gcc/arm-none-eabi/10.3.1/thumb/v7e-m+fp/hard/crtbegin.o

.ARM.extab      0x00000000080006f8        0x0
                0x00000000080006f8                . = ALIGN (0x4)
 *(.ARM.extab* .gnu.linkonce.armextab.*)
                0x00000000080006f8                . = ALIGN (0x4)

.ARM            0x00000000080006f8        0x0
                0x00000000080006f8                . = ALIGN (0x4)
                0x00000000080006f8                __exidx_start = .
 *(.ARM.exidx*)
                0x00000000080006f8                __exidx_end = .
                0x00000000080006f8                . = ALIGN (0x4)

.preinit_array  0x00000000080006f8        0x0
                0x00000000080006f8                . = ALIGN (0x4)
                0x00000000080006f8                PROVIDE (__preinit_array_start = .)
 *(.preinit_array*)
                0x00000000080006f8                PROVIDE (__preinit_array_end = .)
                0x00000000080006f8                . = ALIGN (0x4)

.init_array     0x00000000080006f8        0x4
                0x00000000080006f8                . = ALIGN (0x4)
                0x00000000080006f8                PROVIDE (__init_array_start = .)
 *(SORT_BY_NAME(.init_array.*))
 *(.init_array*)
 .init_array    0x00000000080006f8        0x4 c:/st/stm32cubeide_1.9.0/stm32cubeide/plugins/com.st.stm32cube.ide.mcu.externaltools.gnu-tools-for-stm32.10.3-2021.10.win32_1.0.0.202111181127/tools/bin/../lib/gcc/arm-none-eabi/10.3.1/thumb/v7e-m+fp/hard/crtbegin.o
                0x00000000080006fc                PROVIDE (__init_array_end = .)
                0x00000000080006fc                . = ALIGN (0x4)

.fini_array     0x00000000080006fc        0x4
                0x00000000080006fc                . = ALIGN (0x4)
                [!provide]                        PROVIDE (__fini_array_start = .)
 *(SORT_BY_NAME(.fini_array.*))
 *(.fini_array*)
 .fini_array    0x00000000080006fc        0x4 c:/st/stm32cubeide_1.9.0/stm32cubeide/plugins/com.st.stm32cube.ide.mcu.externaltools.gnu-tools-for-stm32.10.3-2021.10.win32_1.0.0.202111181127/tools/bin/../lib/gcc/arm-none-eabi/10.3.1/thumb/v7e-m+fp/hard/crtbegin.o
                [!provide]                        PROVIDE (__fini_array_end = .)
                0x0000000008000700                . = ALIGN (0x4)
                0x0000000008000700                _sidata = LOADADDR (.data)

.data           0x0000000020000000        0x4 load address 0x0000000008000700
                0x0000000020000000                . = ALIGN (0x4)
                0x0000000020000000                _sdata = .
 *(.data)
 *(.data*)
 .data.SystemCoreClock
                0x0000000020000000        0x4 ./Src/system_stm32f7xx.o
                0x0000000020000000                SystemCoreClock
 *(.RamFunc)
 *(.RamFunc*)
                0x0000000020000004                . = ALIGN (0x4)
                0x0000000020000004                _edata = .

.igot.plt       0x0000000020000004        0x0 load address 0x0000000008000704
 .igot.plt      0x0000000020000004        0x0 c:/st/stm32cubeide_1.9.0/stm32cubeide/plugins/com.st.stm32cube.ide.mcu.externaltools.gnu-tools-for-stm32.10.3-2021.10.win32_1.0.0.202111181127/tools/bin/../lib/gcc/arm-none-eabi/10.3.1/thumb/v7e-m+fp/hard/crtbegin.o
                0x0000000020000004                . = ALIGN (0x4)

.bss            0x0000000020000004       0x1c load address 0x0000000008000704
                0x0000000020000004                _sbss = .
                0x0000000020000004                __bss_start__ = _sbss
 *(.bss)
 .bss           0x0000000020000004       0x1c c:/st/stm32cubeide_1.9.0/stm32cubeide/plugins/com.st.stm32cube.ide.mcu.externaltools.gnu-tools-for-stm32.10.3-2021.10.win32_1.0.0.202111181127/tools/bin/../lib/gcc/arm-none-eabi/10.3.1/thumb/v7e-m+fp/hard/crtbegin.o
 *(.bss*)
 *(COMMON)
                0x0000000020000020                . = ALIGN (0x4)
                0x0000000020000020                _ebss = .
                0x0000000020000020                __bss_end__ = _ebss

._user_heap_stack
                0x0000000020000020      0x600 load address 0x0000000008000704
                0x0000000020000020                . = ALIGN (0x8)
                [!provide]                        PROVIDE (end = .)
                [!provide]                        PROVIDE (_end = .)
                0x0000000020000220                . = (. + _Min_Heap_Size)
 *fill*         0x0000000020000020      0x200 
                0x0000000020000620                . = (. + _Min_Stack_Size)
 *fill*         0x0000000020000220      0x400 
                0x0000000020000620                . = ALIGN (0x8)

/DISCARD/
 libc.a(*)
 libm.a(*)
 libgcc.a(*)

.ARM.attributes
                0x0000000000000000       0x30
 *(.ARM.attributes)
 .ARM.attributes
                0x0000000000000000       0x1e c:/st/stm32cubeide_1.9.0/stm32cubeide/plugins/com.st.stm32cube.ide.mcu.externaltools.gnu-tools-for-stm32.10.3-2021.10.win32_1.0.0.202111181127/tools/bin/../lib/gcc/arm-none-eabi/10.3.1/thumb/v7e-m+fp/hard/crti.o
 .ARM.attributes
                0x000000000000001e       0x34 c:/st/stm32cubeide_1.9.0/stm32cubeide/plugins/com.st.stm32cube.ide.mcu.externaltools.gnu-tools-for-stm32.10.3-2021.10.win32_1.0.0.202111181127/tools/bin/../lib/gcc/arm-none-eabi/10.3.1/thumb/v7e-m+fp/hard/crtbegin.o
 .ARM.attributes
                0x0000000000000052       0x34 ./Src/gpio.o
 .ARM.attributes
                0x0000000000000086       0x34 ./Src/interrupt.o
 .ARM.attributes
                0x00000000000000ba       0x34 ./Src/main.o
 .ARM.attributes
                0x00000000000000ee       0x34 ./Src/rcc.o
 .ARM.attributes
                0x0000000000000122       0x34 ./Src/system_stm32f7xx.o
 .ARM.attributes
                0x0000000000000156       0x34 ./Src/timer.o
 .ARM.attributes
                0x000000000000018a       0x21 ./Startup/startup_stm32f746zgtx.o
 .ARM.attributes
                0x00000000000001ab       0x34 c:/st/stm32cubeide_1.9.0/stm32cubeide/plugins/com.st.stm32cube.ide.mcu.externaltools.gnu-tools-for-stm32.10.3-2021.10.win32_1.0.0.202111181127/tools/bin/../lib/gcc/arm-none-eabi/10.3.1/../../../../arm-none-eabi/lib/thumb/v7e-m+fp/hard\libc_nano.a(lib_a-init.o)
 .ARM.attributes
                0x00000000000001df       0x1e c:/st/stm32cubeide_1.9.0/stm32cubeide/plugins/com.st.stm32cube.ide.mcu.externaltools.gnu-tools-for-stm32.10.3-2021.10.win32_1.0.0.202111181127/tools/bin/../lib/gcc/arm-none-eabi/10.3.1/thumb/v7e-m+fp/hard/crtn.o
OUTPUT(STM32F746_Board.elf elf32-littlearm)
LOAD linker stubs
LOAD c:/st/stm32cubeide_1.9.0/stm32cubeide/plugins/com.st.stm32cube.ide.mcu.externaltools.gnu-tools-for-stm32.10.3-2021.10.win32_1.0.0.202111181127/tools/bin/../lib/gcc/arm-none-eabi/10.3.1/../../../../arm-none-eabi/lib/thumb/v7e-m+fp/hard\libc.a
LOAD c:/st/stm32cubeide_1.9.0/stm32cubeide/plugins/com.st.stm32cube.ide.mcu.externaltools.gnu-tools-for-stm32.10.3-2021.10.win32_1.0.0.202111181127/tools/bin/../lib/gcc/arm-none-eabi/10.3.1/../../../../arm-none-eabi/lib/thumb/v7e-m+fp/hard\libm.a
LOAD c:/st/stm32cubeide_1.9.0/stm32cubeide/plugins/com.st.stm32cube.ide.mcu.externaltools.gnu-tools-for-stm32.10.3-2021.10.win32_1.0.0.202111181127/tools/bin/../lib/gcc/arm-none-eabi/10.3.1/thumb/v7e-m+fp/hard\libgcc.a

.debug_info     0x0000000000000000     0x1fe8
 .debug_info    0x0000000000000000      0x3bd ./Src/gpio.o
 .debug_info    0x00000000000003bd      0xb86 ./Src/interrupt.o
 .debug_info    0x0000000000000f43      0x1f0 ./Src/main.o
 .debug_info    0x0000000000001133      0x374 ./Src/rcc.o
 .debug_info    0x00000000000014a7      0x725 ./Src/system_stm32f7xx.o
 .debug_info    0x0000000000001bcc      0x3fa ./Src/timer.o
 .debug_info    0x0000000000001fc6       0x22 ./Startup/startup_stm32f746zgtx.o

.debug_abbrev   0x0000000000000000      0x697
 .debug_abbrev  0x0000000000000000       0xf6 ./Src/gpio.o
 .debug_abbrev  0x00000000000000f6      0x1b9 ./Src/interrupt.o
 .debug_abbrev  0x00000000000002af      0x11e ./Src/main.o
 .debug_abbrev  0x00000000000003cd       0xd3 ./Src/rcc.o
 .debug_abbrev  0x00000000000004a0      0x136 ./Src/system_stm32f7xx.o
 .debug_abbrev  0x00000000000005d6       0xaf ./Src/timer.o
 .debug_abbrev  0x0000000000000685       0x12 ./Startup/startup_stm32f746zgtx.o

.debug_aranges  0x0000000000000000      0x130
 .debug_aranges
                0x0000000000000000       0x30 ./Src/gpio.o
 .debug_aranges
                0x0000000000000030       0x50 ./Src/interrupt.o
 .debug_aranges
                0x0000000000000080       0x20 ./Src/main.o
 .debug_aranges
                0x00000000000000a0       0x20 ./Src/rcc.o
 .debug_aranges
                0x00000000000000c0       0x28 ./Src/system_stm32f7xx.o
 .debug_aranges
                0x00000000000000e8       0x20 ./Src/timer.o
 .debug_aranges
                0x0000000000000108       0x28 ./Startup/startup_stm32f746zgtx.o

.debug_ranges   0x0000000000000000       0xc8
 .debug_ranges  0x0000000000000000       0x20 ./Src/gpio.o
 .debug_ranges  0x0000000000000020       0x40 ./Src/interrupt.o
 .debug_ranges  0x0000000000000060       0x10 ./Src/main.o
 .debug_ranges  0x0000000000000070       0x10 ./Src/rcc.o
 .debug_ranges  0x0000000000000080       0x18 ./Src/system_stm32f7xx.o
 .debug_ranges  0x0000000000000098       0x10 ./Src/timer.o
 .debug_ranges  0x00000000000000a8       0x20 ./Startup/startup_stm32f746zgtx.o

.debug_macro    0x0000000000000000    0x1bbc3
 .debug_macro   0x0000000000000000       0xcf ./Src/gpio.o
 .debug_macro   0x00000000000000cf      0xa84 ./Src/gpio.o
 .debug_macro   0x0000000000000b53       0x28 ./Src/gpio.o
 .debug_macro   0x0000000000000b7b       0x3b ./Src/gpio.o
 .debug_macro   0x0000000000000bb6       0x22 ./Src/gpio.o
 .debug_macro   0x0000000000000bd8       0x8e ./Src/gpio.o
 .debug_macro   0x0000000000000c66       0x51 ./Src/gpio.o
 .debug_macro   0x0000000000000cb7      0x103 ./Src/gpio.o
 .debug_macro   0x0000000000000dba       0x6a ./Src/gpio.o
 .debug_macro   0x0000000000000e24      0x1df ./Src/gpio.o
 .debug_macro   0x0000000000001003       0x1c ./Src/gpio.o
 .debug_macro   0x000000000000101f       0x22 ./Src/gpio.o
 .debug_macro   0x0000000000001041       0xd9 ./Src/gpio.o
 .debug_macro   0x000000000000111a     0x12cd ./Src/gpio.o
 .debug_macro   0x00000000000023e7      0x11f ./Src/gpio.o
 .debug_macro   0x0000000000002506       0x19 ./Src/gpio.o
 .debug_macro   0x000000000000251f    0x1920a ./Src/gpio.o
 .debug_macro   0x000000000001b729       0x6d ./Src/gpio.o
 .debug_macro   0x000000000001b796       0xd5 ./Src/interrupt.o
 .debug_macro   0x000000000001b86b       0xdd ./Src/main.o
 .debug_macro   0x000000000001b948       0xd5 ./Src/rcc.o
 .debug_macro   0x000000000001ba1d       0xd7 ./Src/system_stm32f7xx.o
 .debug_macro   0x000000000001baf4       0xcf ./Src/timer.o

.debug_line     0x0000000000000000     0x1e4a
 .debug_line    0x0000000000000000      0x4d9 ./Src/gpio.o
 .debug_line    0x00000000000004d9      0x59d ./Src/interrupt.o
 .debug_line    0x0000000000000a76      0x4ba ./Src/main.o
 .debug_line    0x0000000000000f30      0x50c ./Src/rcc.o
 .debug_line    0x000000000000143c      0x4f4 ./Src/system_stm32f7xx.o
 .debug_line    0x0000000000001930      0x496 ./Src/timer.o
 .debug_line    0x0000000000001dc6       0x84 ./Startup/startup_stm32f746zgtx.o

.debug_str      0x0000000000000000    0x9b99e
 .debug_str     0x0000000000000000    0x9afda ./Src/gpio.o
                                      0x9b16d (size before relaxing)
 .debug_str     0x000000000009afda      0x828 ./Src/interrupt.o
                                      0x9b8ee (size before relaxing)
 .debug_str     0x000000000009b802       0x4e ./Src/main.o
                                      0x9b06a (size before relaxing)
 .debug_str     0x000000000009b850       0x64 ./Src/rcc.o
                                      0x9b176 (size before relaxing)
 .debug_str     0x000000000009b8b4       0xaa ./Src/system_stm32f7xx.o
                                      0x9b2e8 (size before relaxing)
 .debug_str     0x000000000009b95e        0xf ./Src/timer.o
                                      0x9b169 (size before relaxing)
 .debug_str     0x000000000009b96d       0x31 ./Startup/startup_stm32f746zgtx.o
                                         0x46 (size before relaxing)

.comment        0x0000000000000000       0x50
 .comment       0x0000000000000000       0x50 ./Src/gpio.o
                                         0x51 (size before relaxing)
 .comment       0x0000000000000050       0x51 ./Src/interrupt.o
 .comment       0x0000000000000050       0x51 ./Src/main.o
 .comment       0x0000000000000050       0x51 ./Src/rcc.o
 .comment       0x0000000000000050       0x51 ./Src/system_stm32f7xx.o
 .comment       0x0000000000000050       0x51 ./Src/timer.o

.debug_frame    0x0000000000000000      0x2a0
 .debug_frame   0x0000000000000000       0x7c ./Src/gpio.o
 .debug_frame   0x000000000000007c      0x10c ./Src/interrupt.o
 .debug_frame   0x0000000000000188       0x30 ./Src/main.o
 .debug_frame   0x00000000000001b8       0x34 ./Src/rcc.o
 .debug_frame   0x00000000000001ec       0x58 ./Src/system_stm32f7xx.o
 .debug_frame   0x0000000000000244       0x30 ./Src/timer.o
 .debug_frame   0x0000000000000274       0x2c c:/st/stm32cubeide_1.9.0/stm32cubeide/plugins/com.st.stm32cube.ide.mcu.externaltools.gnu-tools-for-stm32.10.3-2021.10.win32_1.0.0.202111181127/tools/bin/../lib/gcc/arm-none-eabi/10.3.1/../../../../arm-none-eabi/lib/thumb/v7e-m+fp/hard\libc_nano.a(lib_a-init.o)
