D:/STM_Lessons/Drivers/CMSIS/Include/core_cm7.h:1865:22:__NVIC_SetPriorityGrouping	24	static
D:/STM_Lessons/Drivers/CMSIS/Include/core_cm7.h:1884:26:__NVIC_GetPriorityGrouping	4	static
D:/STM_Lessons/Drivers/CMSIS/Include/core_cm7.h:1896:22:__NVIC_EnableIRQ	16	static
D:/STM_Lessons/Drivers/CMSIS/Include/core_cm7.h:2024:22:__NVIC_SetPriority	16	static
D:/STM_Lessons/Drivers/CMSIS/Include/core_cm7.h:2071:26:NVIC_EncodePriority	40	static
../Src/periph/interrupt.c:12:6:init_interrupt	8	static
../Src/periph/interrupt.c:47:6:TIM1_UP_TIM10_IRQHandler	8	static,ignoring_inline_asm
../Src/periph/interrupt.c:58:6:USART1_IRQHandler	16	static
